12-02 08:40:06.262  7981  7981 D LifecycleMonitor: Lifecycle status change: androidx.test.core.app.InstrumentationActivityInvoker$EmptyActivity@f99a8d8 in: PAUSED
12-02 08:40:06.262  7981  7981 V ActivityScenario: Activity lifecycle changed event received but ignored because the intent does not match. startActivityIntent=Intent { act=android.intent.action.MAIN cat=[android.intent.category.LAUNCHER] cmp=com.example.dogglers/.VerticalListActivity }, activity.getIntent()=Intent { act=android.intent.action.MAIN cat=[android.intent.category.LAUNCHER] flg=0x10000000 cmp=com.example.dogglers/androidx.test.core.app.InstrumentationActivityInvoker$EmptyActivity }, activity=androidx.test.core.app.InstrumentationActivityInvoker$EmptyActivity@f99a8d8
12-02 08:40:06.263   731   731 I BufferQueueConsumer: [com.example.dogglers/com.example.dogglers.VerticalListActivity#0](id:2db00018b01,api:0,p:-1,c:731) disconnect()
12-02 08:40:06.263   731   731 I BufferQueue: [com.example.dogglers/com.example.dogglers.VerticalListActivity#0](this:0xb4000074f0d313d8,id:101121,api:1,p:-1,c:-1) onDestructor()
12-02 08:40:06.265  1254  4189 I InputDispatcher: setInputWindows displayId=0 Window{3ce5b35 u0 ScreenDecorOverlayBottom} Window{67f39a4 u0 ScreenDecorOverlay} Window{2b19df5 u0 NavigationBar0} Window{1c2cd06 u0 StatusBar} Window{4267e39 u0 com.example.dogglers/androidx.test.core.app.InstrumentationActivityInvoker$EmptyActivity} recents_animation_input_consumer Window{f27e886 u0 com.android.systemui.ImageWallpaper}
12-02 08:40:06.265  1254  4189 I InputDispatcher: Window went away: com.example.dogglers/com.example.dogglers.VerticalListActivity#0
12-02 08:40:06.270  2044 20462 D MultiWindowService: pkgName = com.example.dogglers
12-02 08:40:06.278  7981  7981 D LifecycleMonitor: Lifecycle status change: androidx.test.core.app.InstrumentationActivityInvoker$BootstrapActivity@155e3d3 in: DESTROYED
12-02 08:40:06.278 16595 16595 I GoogleInputMethodService: GoogleInputMethodService.onFinishInput():3301
12-02 08:40:06.278  7981  7981 V ActivityScenario: Activity lifecycle changed event received but ignored because the intent does not match. startActivityIntent=Intent { act=android.intent.action.MAIN cat=[android.intent.category.LAUNCHER] cmp=com.example.dogglers/.VerticalListActivity }, activity.getIntent()=Intent { act=android.intent.action.MAIN cat=[android.intent.category.LAUNCHER] flg=0x10008000 cmp=com.example.dogglers/androidx.test.core.app.InstrumentationActivityInvoker$BootstrapActivity (has extras) }, activity=androidx.test.core.app.InstrumentationActivityInvoker$BootstrapActivity@155e3d3
12-02 08:40:06.278 16595 16595 I GoogleInputMethodService: GoogleInputMethodService.onStartInput():1979
12-02 08:40:06.278 16888  6211 W AudioALSACaptureDataProviderNormal: readThread, latency_in_s,0.000001,0.039641,0.000038, totalTime 0.039679 > logTimeout 0.022000 TIMEOUT!!
12-02 08:40:06.279 16595 16595 I DeviceUnlockedTag: DeviceUnlockedTag.notifyDeviceLockStatusChanged():79 Notify device unlocked.
12-02 08:40:06.279  7981  8044 D libMEOW : applied 1 plugins for [com.example.dogglers]:
12-02 08:40:06.279  7981  8044 D libMEOW :   plugin 1: [libMEOW_gift.so]:
12-02 08:40:06.280  1254  4189 I InputDispatcher: setInputWindows displayId=0 Window{3ce5b35 u0 ScreenDecorOverlayBottom} Window{67f39a4 u0 ScreenDecorOverlay} Window{2b19df5 u0 NavigationBar0} Window{1c2cd06 u0 StatusBar} Window{4267e39 u0 com.example.dogglers/androidx.test.core.app.InstrumentationActivityInvoker$EmptyActivity} recents_animation_input_consumer Window{f27e886 u0 com.android.systemui.ImageWallpaper}
12-02 08:40:06.284  7981  7981 D LifecycleMonitor: Lifecycle status change: androidx.test.core.app.InstrumentationActivityInvoker$EmptyActivity@d8938f in: PRE_ON_CREATE
12-02 08:40:06.284  7981  7981 V ActivityScenario: Activity lifecycle changed event received but ignored because the intent does not match. startActivityIntent=Intent { act=android.intent.action.MAIN cat=[android.intent.category.LAUNCHER] cmp=com.example.dogglers/.VerticalListActivity }, activity.getIntent()=Intent { act=android.intent.action.MAIN cat=[android.intent.category.LAUNCHER] flg=0x10000000 cmp=com.example.dogglers/androidx.test.core.app.InstrumentationActivityInvoker$EmptyActivity }, activity=androidx.test.core.app.InstrumentationActivityInvoker$EmptyActivity@d8938f
12-02 08:40:06.287  7981  7981 I WhiteNavigationLice: Modify naviBarColor to white.
12-02 08:40:06.290  7981  7981 D LifecycleMonitor: Lifecycle status change: androidx.test.core.app.InstrumentationActivityInvoker$EmptyActivity@d8938f in: CREATED
12-02 08:40:06.290  7981  7981 V ActivityScenario: Activity lifecycle changed event received but ignored because the intent does not match. startActivityIntent=Intent { act=android.intent.action.MAIN cat=[android.intent.category.LAUNCHER] cmp=com.example.dogglers/.VerticalListActivity }, activity.getIntent()=Intent { act=android.intent.action.MAIN cat=[android.intent.category.LAUNCHER] flg=0x10000000 cmp=com.example.dogglers/androidx.test.core.app.InstrumentationActivityInvoker$EmptyActivity }, activity=androidx.test.core.app.InstrumentationActivityInvoker$EmptyActivity@d8938f
12-02 08:40:06.292  7981  7981 D LifecycleMonitor: Lifecycle status change: androidx.test.core.app.InstrumentationActivityInvoker$EmptyActivity@d8938f in: STARTED
12-02 08:40:06.292  7981  7981 V ActivityScenario: Activity lifecycle changed event received but ignored because the intent does not match. startActivityIntent=Intent { act=android.intent.action.MAIN cat=[android.intent.category.LAUNCHER] cmp=com.example.dogglers/.VerticalListActivity }, activity.getIntent()=Intent { act=android.intent.action.MAIN cat=[android.intent.category.LAUNCHER] flg=0x10000000 cmp=com.example.dogglers/androidx.test.core.app.InstrumentationActivityInvoker$EmptyActivity }, activity=androidx.test.core.app.InstrumentationActivityInvoker$EmptyActivity@d8938f
12-02 08:40:06.294  7981  7981 D LifecycleMonitor: Lifecycle status change: androidx.test.core.app.InstrumentationActivityInvoker$EmptyActivity@d8938f in: RESUMED
12-02 08:40:06.294  7981  7981 V ActivityScenario: Activity lifecycle changed event received but ignored because the intent does not match. startActivityIntent=Intent { act=android.intent.action.MAIN cat=[android.intent.category.LAUNCHER] cmp=com.example.dogglers/.VerticalListActivity }, activity.getIntent()=Intent { act=android.intent.action.MAIN cat=[android.intent.category.LAUNCHER] flg=0x10000000 cmp=com.example.dogglers/androidx.test.core.app.InstrumentationActivityInvoker$EmptyActivity }, activity=androidx.test.core.app.InstrumentationActivityInvoker$EmptyActivity@d8938f
12-02 08:40:06.295  7981  7981 V PhoneWindow: DecorView setVisiblity: visibility = 4, Parent = null, this = DecorView@3f2a225[]
12-02 08:40:06.295   731  1178 I SurfaceFlinger: [SF client] NEW(0xb4000074407c63d0) for (7981:com.example.dogglers)
12-02 08:40:06.297  1254  3979 I InputDispatcher: setInputWindows displayId=0 Window{3ce5b35 u0 ScreenDecorOverlayBottom} Window{67f39a4 u0 ScreenDecorOverlay} Window{2b19df5 u0 NavigationBar0} Window{1c2cd06 u0 StatusBar} com.example.dogglers/androidx.test.core.app.InstrumentationActivityInvoker$EmptyActivity#0 recents_animation_input_consumer Window{f27e886 u0 com.android.systemui.ImageWallpaper}
12-02 08:40:06.297  1254  3979 I InputDispatcher: Window went away: Window{4267e39 u0 com.example.dogglers/androidx.test.core.app.InstrumentationActivityInvoker$EmptyActivity}
12-02 08:40:06.298  7981  7981 D ViewRootImpl[InstrumentationActivityInvoker$EmptyActivity]: hardware acceleration = true , fakeHwAccelerated = false, sRendererDisabled = false, forceHwAccelerated = false, sSystemRendererDisabled = false
12-02 08:40:06.299  1254  5112 I FZ2.LISTEN: ignore this pop window change of not system window
12-02 08:40:06.301  7981  7981 I InputTransport: Create ARC handle: 0xb40000715419c9f0
12-02 08:40:06.302  7981  7981 V PhoneWindow: DecorView setVisiblity: visibility = 0, Parent = android.view.ViewRootImpl@cb4f808, this = DecorView@3f2a225[InstrumentationActivityInvoker$EmptyActivity]
12-02 08:40:06.304 16595 16595 V PhoneWindow: DecorView setVisiblity: visibility = 8, Parent = android.view.ViewRootImpl@1c86a2a, this = DecorView@1545b1a[InputMethod]
12-02 08:40:06.313  1254  3979 I InputDispatcher: setInputWindows displayId=0 Window{3ce5b35 u0 ScreenDecorOverlayBottom} Window{67f39a4 u0 ScreenDecorOverlay} Window{2b19df5 u0 NavigationBar0} Window{1c2cd06 u0 StatusBar} com.example.dogglers/androidx.test.core.app.InstrumentationActivityInvoker$EmptyActivity#0 recents_animation_input_consumer Window{f27e886 u0 com.android.systemui.ImageWallpaper}
12-02 08:40:06.318 16888  6211 W AudioALSACaptureDataProviderNormal: readThread, latency_in_s,0.000001,0.039647,0.000039, totalTime 0.039686 > logTimeout 0.022000 TIMEOUT!!
12-02 08:40:06.319   731  1178 I BufferQueueConsumer: [](id:2db00018b03,api:0,p:-1,c:731) connect(): controlledByApp=false
12-02 08:40:06.319   731  1178 I BufferQueue: [unnamed-731-101123](this:0xb4000074f0d424e8,id:101123,api:0,p:-1,c:-1) BufferQueue core=(731:/system/bin/surfaceflinger)
12-02 08:40:06.321 19834 20914 D CommandQueue: abortTransient
12-02 08:40:06.322   977  1056 D AAL     : 12-02 08:40:06.172 BL= 145,ESS= 256, 12-02 08:40:06.239 BL= 146,ESS= 256, 12-02 08:40:06.255 BL= 149,ESS= 256, 12-02 08:40:06.272 BL= 148,ESS= 256, 12-02 08:40:06.322 BL= 147,ESS= 256,
12-02 08:40:06.326   731  1178 I BufferQueueProducer: [com.example.dogglers/androidx.test.core.app.InstrumentationActivityInvoker$EmptyActivity#1](id:2db00018b03,api:1,p:7981,c:731) connect(): api=1 producerControlledByApp=false
12-02 08:40:06.330  1254  3979 I InputDispatcher: setInputWindows displayId=0 Window{3ce5b35 u0 ScreenDecorOverlayBottom} Window{67f39a4 u0 ScreenDecorOverlay} Window{2b19df5 u0 NavigationBar0} Window{1c2cd06 u0 StatusBar} com.example.dogglers/androidx.test.core.app.InstrumentationActivityInvoker$EmptyActivity#1 com.example.dogglers/androidx.test.core.app.InstrumentationActivityInvoker$EmptyActivity#0 recents_animation_input_consumer Window{f27e886 u0 com.android.systemui.ImageWallpaper}
12-02 08:40:06.332  1254  1403 I DreamAnimation:  hookAppTransitSuccess called, and doUnlockAnimation=0  mState=7
12-02 08:40:06.333  5095 31696 I SmartPanel_SmartPanelService: onWindowsDrawn pkgName: com.example.dogglers, className: androidx.test.core.app.InstrumentationActivityInvoker$EmptyActivity launchState=2 windowsDrawnDelayMs =93
12-02 08:40:06.334  1254  1411 I ActivityTaskManager: Displayed com.example.dogglers/androidx.test.core.app.InstrumentationActivityInvoker$EmptyActivity: +93ms
12-02 08:40:06.337 16595 16595 V PhoneWindow: DecorView setVisiblity: visibility = 8, Parent = android.view.ViewRootImpl@1c86a2a, this = DecorView@1545b1a[InputMethod]
12-02 08:40:06.338  5095 31696 D Game_Utils: mode = 1
12-02 08:40:06.340  5095 31696 D Game_Utils: isTheMainScreen, displayId: 0  classname = androidx.test.core.app.InstrumentationActivityInvoker$EmptyActivity
12-02 08:40:06.340  5095 31696 D Game_Utils: getTopPackageNameNew pkm = com.example.dogglers
12-02 08:40:06.343   700   769 I libPowerHal: [perfLockAcq] idx:116 hdl:3138566 hint:22 pid:700 duration:10000 => ret_hdl:3138566
12-02 08:40:06.343   700   769 I libPowerHal: [PE] scn:116 hdl:3138566 hint:22 comm:mtkpower@1.0-se pid:700
12-02 08:40:06.343   700   769 I libPowerHal: [perfLockRel] hdl:3138560, idx:81
12-02 08:40:06.343   700   769 I libPowerHal: [PD] scn:81 hdl:3138560 hint:22 comm:mtkpower@1.0-se pid:700
12-02 08:40:06.346  5095 31696 D Game_Utils: isQSplitscreenMode mode = 1
12-02 08:40:06.347  1254  4189 I InputDispatcher: setInputWindows displayId=0 Window{3ce5b35 u0 ScreenDecorOverlayBottom} Window{67f39a4 u0 ScreenDecorOverlay} Window{2b19df5 u0 NavigationBar0} Window{1c2cd06 u0 StatusBar} Window{aec6e92 u0 com.example.dogglers/androidx.test.core.app.InstrumentationActivityInvoker$EmptyActivity} com.example.dogglers/androidx.test.core.app.InstrumentationActivityInvoker$EmptyActivity#0 recents_animation_input_consumer Window{f27e886 u0 com.android.systemui.ImageWallpaper}
12-02 08:40:06.347  1254  4189 I InputDispatcher: Window went away: com.example.dogglers/androidx.test.core.app.InstrumentationActivityInvoker$EmptyActivity#1
12-02 08:40:06.348   731  1178 I BufferQueueProducer: [com.example.dogglers/androidx.test.core.app.InstrumentationActivityInvoker$EmptyActivity#0](id:2db00018b02,api:1,p:7981,c:731) disconnect(): api=1
12-02 08:40:06.355 16595 16595 V PhoneWindow: DecorView setVisiblity: visibility = 8, Parent = android.view.ViewRootImpl@1c86a2a, this = DecorView@1545b1a[InputMethod]
12-02 08:40:06.356  7981  7981 D LifecycleMonitor: Lifecycle status change: androidx.test.core.app.InstrumentationActivityInvoker$EmptyActivity@f99a8d8 in: STOPPED
12-02 08:40:06.356  7981  7981 V ActivityScenario: Activity lifecycle changed event received but ignored because the intent does not match. startActivityIntent=Intent { act=android.intent.action.MAIN cat=[android.intent.category.LAUNCHER] cmp=com.example.dogglers/.VerticalListActivity }, activity.getIntent()=Intent { act=android.intent.action.MAIN cat=[android.intent.category.LAUNCHER] flg=0x10000000 cmp=com.example.dogglers/androidx.test.core.app.InstrumentationActivityInvoker$EmptyActivity }, activity=androidx.test.core.app.InstrumentationActivityInvoker$EmptyActivity@f99a8d8
12-02 08:40:06.357  7981  7981 V PhoneWindow: DecorView setVisiblity: visibility = 4, Parent = android.view.ViewRootImpl@49c926d, this = DecorView@2244716[InstrumentationActivityInvoker$EmptyActivity]
12-02 08:40:06.358  7981  7981 D LifecycleMonitor: Lifecycle status change: androidx.test.core.app.InstrumentationActivityInvoker$EmptyActivity@f99a8d8 in: DESTROYED
12-02 08:40:06.358 16888  6211 W AudioALSACaptureDataProviderNormal: readThread, latency_in_s,0.000001,0.039695,0.000035, totalTime 0.039730 > logTimeout 0.022000 TIMEOUT!!
12-02 08:40:06.359  7981  7981 V ActivityScenario: Activity lifecycle changed event received but ignored because the intent does not match. startActivityIntent=Intent { act=android.intent.action.MAIN cat=[android.intent.category.LAUNCHER] cmp=com.example.dogglers/.VerticalListActivity }, activity.getIntent()=Intent { act=android.intent.action.MAIN cat=[android.intent.category.LAUNCHER] flg=0x10000000 cmp=com.example.dogglers/androidx.test.core.app.InstrumentationActivityInvoker$EmptyActivity }, activity=androidx.test.core.app.InstrumentationActivityInvoker$EmptyActivity@f99a8d8
12-02 08:40:06.359  7981  7981 D View    : [Warning] assignParent to null: this = DecorView@2244716[InstrumentationActivityInvoker$EmptyActivity]
12-02 08:40:06.361  1254  3205 I FZ2.LISTEN: ignore this pop window change of not system window
12-02 08:40:06.363  1254  3979 I InputDispatcher: setInputWindows displayId=0 Window{3ce5b35 u0 ScreenDecorOverlayBottom} Window{67f39a4 u0 ScreenDecorOverlay} Window{2b19df5 u0 NavigationBar0} Window{1c2cd06 u0 StatusBar} com.example.dogglers/androidx.test.core.app.InstrumentationActivityInvoker$EmptyActivity#1 recents_animation_input_consumer Window{f27e886 u0 com.android.systemui.ImageWallpaper}
12-02 08:40:06.364  1254  3979 I InputDispatcher: Window went away: Window{aec6e92 u0 com.example.dogglers/androidx.test.core.app.InstrumentationActivityInvoker$EmptyActivity}
12-02 08:40:06.364  1254  3979 I InputDispatcher: Window went away: com.example.dogglers/androidx.test.core.app.InstrumentationActivityInvoker$EmptyActivity#0
12-02 08:40:06.366  7981  7981 I InputTransport: Destroy ARC handle: 0xb4000071541f1590
12-02 08:40:06.366 16595 16595 V PhoneWindow: DecorView setVisiblity: visibility = 8, Parent = android.view.ViewRootImpl@1c86a2a, this = DecorView@1545b1a[InputMethod]
12-02 08:40:06.367  7981  7981 D View    : [Warning] assignParent to null: this = DecorView@2244716[InstrumentationActivityInvoker$EmptyActivity]
12-02 08:40:06.369  7981  7981 D LifecycleMonitor: Lifecycle status change: androidx.test.core.app.InstrumentationActivityInvoker$EmptyActivity@d8938f in: PAUSED
12-02 08:40:06.369  7981  7981 V ActivityScenario: Activity lifecycle changed event received but ignored because the intent does not match. startActivityIntent=Intent { act=android.intent.action.MAIN cat=[android.intent.category.LAUNCHER] cmp=com.example.dogglers/.VerticalListActivity }, activity.getIntent()=Intent { act=android.intent.action.MAIN cat=[android.intent.category.LAUNCHER] flg=0x10000000 cmp=com.example.dogglers/androidx.test.core.app.InstrumentationActivityInvoker$EmptyActivity }, activity=androidx.test.core.app.InstrumentationActivityInvoker$EmptyActivity@d8938f
12-02 08:40:06.372   700   769 I libPowerHal: [perfNotifyAppState] foreground:com.transsion.XOSLauncher, pid:14795, uid:10172
12-02 08:40:06.372  2463 14192 E MessageDispatcher: [dispatchMessage] tag = uxdetector
12-02 08:40:06.372   700   769 E UxUtility: notifyAppState error = NULL
12-02 08:40:06.372   700   769 I TouchUtility: notifyAppState error = NULL
12-02 08:40:06.372   700   734 I mtkpower@impl: [notifyAppState] pc:0, com.example.dogglers => com.transsion.XOSLauncher
12-02 08:40:06.373  2463  3727 D UxDetectorHandler: getWifiStatus wifiId=<unknown ssid>
12-02 08:40:06.374  2463  3727 D UxDetectorHandler: getHeadsetStatus init headset=-2
12-02 08:40:06.375  5095 31696 I SmartPanel_SmartPanelService: activityCheck pkgName: com.transsion.XOSLauncher, className: com.android.quickstep.recents_ui_overrides.src.com.android.launcher3.uioverrides.QuickstepLauncher isResume=true isInshow =true isDrawn = false
12-02 08:40:06.380   731   731 I BufferQueueConsumer: [com.example.dogglers/androidx.test.core.app.InstrumentationActivityInvoker$EmptyActivity#0](id:2db00018b02,api:0,p:-1,c:731) disconnect()
12-02 08:40:06.380  7981  8008 I TestRunner: finished: vertical_scroll_content_at_last_position(com.example.dogglers.VerticalListTests)
