12-02 08:40:08.402  7981  7981 V ActivityScenario: Activity lifecycle changed event received but ignored because the intent does not match. startActivityIntent=Intent { act=android.intent.action.MAIN cat=[android.intent.category.LAUNCHER] cmp=com.example.dogglers/.VerticalListActivity }, activity.getIntent()=Intent { act=android.intent.action.MAIN cat=[android.intent.category.LAUNCHER] flg=0x10000000 cmp=com.example.dogglers/androidx.test.core.app.InstrumentationActivityInvoker$EmptyActivity }, activity=androidx.test.core.app.InstrumentationActivityInvoker$EmptyActivity@e48cf52
12-02 08:40:08.402  5095  5135 D Game_Utils: mode = 1 clsname = androidx.test.core.app.InstrumentationActivityInvoker$EmptyActivity
12-02 08:40:08.404  7981  7981 D LifecycleMonitor: Lifecycle status change: androidx.test.core.app.InstrumentationActivityInvoker$EmptyActivity@e48cf52 in: STARTED
12-02 08:40:08.404  5095  5135 D Game_Utils: isTheMainScreen, displayId: 0  classname = androidx.test.core.app.InstrumentationActivityInvoker$EmptyActivity
12-02 08:40:08.404  7981  7981 V ActivityScenario: Activity lifecycle changed event received but ignored because the intent does not match. startActivityIntent=Intent { act=android.intent.action.MAIN cat=[android.intent.category.LAUNCHER] cmp=com.example.dogglers/.VerticalListActivity }, activity.getIntent()=Intent { act=android.intent.action.MAIN cat=[android.intent.category.LAUNCHER] flg=0x10000000 cmp=com.example.dogglers/androidx.test.core.app.InstrumentationActivityInvoker$EmptyActivity }, activity=androidx.test.core.app.InstrumentationActivityInvoker$EmptyActivity@e48cf52
12-02 08:40:08.404  5095  5135 D SmartPanelService: handlerActivityStart isResume = false  mPCIsResume = false  pkgName = com.example.dogglers
12-02 08:40:08.405  5095  5095 D BarrageWindowManager: closeFloatWindow
12-02 08:40:08.405  5095  5095 D BarrageWindow: close barrage
12-02 08:40:08.405  5095  5135 D Game_Utils: isQSplitscreenMode mode = 1
12-02 08:40:08.405  7981  7981 D LifecycleMonitor: Lifecycle status change: androidx.test.core.app.InstrumentationActivityInvoker$EmptyActivity@e48cf52 in: RESUMED
12-02 08:40:08.406  7981  7981 V ActivityScenario: Activity lifecycle changed event received but ignored because the intent does not match. startActivityIntent=Intent { act=android.intent.action.MAIN cat=[android.intent.category.LAUNCHER] cmp=com.example.dogglers/.VerticalListActivity }, activity.getIntent()=Intent { act=android.intent.action.MAIN cat=[android.intent.category.LAUNCHER] flg=0x10000000 cmp=com.example.dogglers/androidx.test.core.app.InstrumentationActivityInvoker$EmptyActivity }, activity=androidx.test.core.app.InstrumentationActivityInvoker$EmptyActivity@e48cf52
12-02 08:40:08.406  7981  7981 V PhoneWindow: DecorView setVisiblity: visibility = 4, Parent = null, this = DecorView@2547320[]
12-02 08:40:08.407   731   789 I SurfaceFlinger: [SF client] NEW(0xb4000074407c40d0) for (7981:com.example.dogglers)
12-02 08:40:08.407  5095  5135 D Game_Utils: mode = 1 clsname = androidx.test.core.app.InstrumentationActivityInvoker$EmptyActivity
12-02 08:40:08.408  1254  4182 I InputDispatcher: setInputWindows displayId=0 Window{3ce5b35 u0 ScreenDecorOverlayBottom} Window{67f39a4 u0 ScreenDecorOverlay} Window{2b19df5 u0 NavigationBar0} Window{1c2cd06 u0 StatusBar} com.example.dogglers/com.example.dogglers.VerticalListActivity#0 recents_animation_input_consumer Window{f27e886 u0 com.android.systemui.ImageWallpaper}
12-02 08:40:08.408  1254  4182 I InputDispatcher: Window went away: Window{87fa701 u0 com.example.dogglers/com.example.dogglers.VerticalListActivity}
12-02 08:40:08.409  5095  5135 D Game_Utils: isTheMainScreen, displayId: 0  classname = androidx.test.core.app.InstrumentationActivityInvoker$EmptyActivity
12-02 08:40:08.409  5095  5135 D SmartPanelService: handlerVideoStart isResume = false  VIDEO_PACKAGE =   pkgName = com.example.dogglers
12-02 08:40:08.409  7981  7981 D ViewRootImpl[InstrumentationActivityInvoker$EmptyActivity]: hardware acceleration = true , fakeHwAccelerated = false, sRendererDisabled = false, forceHwAccelerated = false, sSystemRendererDisabled = false
12-02 08:40:08.410  5095  5095 I SmartPanel_SlideState: clear, releasePress
12-02 08:40:08.410  5095  5135 I SmartPanel_SmartPanelService: activityCheck pkgName: com.example.dogglers, className: androidx.test.core.app.InstrumentationActivityInvoker$EmptyActivity isResume=false isInshow =true isDrawn = false
12-02 08:40:08.410  1254  3191 I FZ2.LISTEN: ignore this pop window change of not system window
12-02 08:40:08.412  7981  7981 I InputTransport: Create ARC handle: 0xb400007154189d30
12-02 08:40:08.413  7981  7981 V PhoneWindow: DecorView setVisiblity: visibility = 0, Parent = android.view.ViewRootImpl@7e50d7f, this = DecorView@2547320[InstrumentationActivityInvoker$EmptyActivity]
12-02 08:40:08.414  5095  5135 D Game_Utils: mode = 1 clsname = androidx.test.core.app.InstrumentationActivityInvoker$EmptyActivity
12-02 08:40:08.415  5095  5135 D Game_Utils: isTheMainScreen, displayId: 0  classname = androidx.test.core.app.InstrumentationActivityInvoker$EmptyActivity
12-02 08:40:08.417  5095  5135 D Game_Utils: isQSplitscreenMode mode = 1
12-02 08:40:08.418 16888  6211 W AudioALSACaptureDataProviderNormal: readThread, latency_in_s,0.000001,0.039680,0.000039, totalTime 0.039720 > logTimeout 0.022000 TIMEOUT!!
12-02 08:40:08.419  5095  5135 D Game_Utils: mode = 1
12-02 08:40:08.421  5095  5135 D Game_Utils: isTheMainScreen, displayId: 0  classname = androidx.test.core.app.InstrumentationActivityInvoker$EmptyActivity
12-02 08:40:08.421  5095  5135 D Game_Utils: getTopPackageNameNew pkm = com.example.dogglers
12-02 08:40:08.422  5095  5135 D Game_Utils: isQSplitscreenMode mode = 1
12-02 08:40:08.424  5095  5135 D Game_Utils: mode = 1 clsname = androidx.test.core.app.InstrumentationActivityInvoker$EmptyActivity
12-02 08:40:08.425  1254  4189 I InputDispatcher: setInputWindows displayId=0 Window{3ce5b35 u0 ScreenDecorOverlayBottom} Window{67f39a4 u0 ScreenDecorOverlay} Window{2b19df5 u0 NavigationBar0} Window{1c2cd06 u0 StatusBar} com.example.dogglers/com.example.dogglers.VerticalListActivity#0 recents_animation_input_consumer Window{f27e886 u0 com.android.systemui.ImageWallpaper}
12-02 08:40:08.426  5095  5135 D Game_Utils: isTheMainScreen, displayId: 0  classname = androidx.test.core.app.InstrumentationActivityInvoker$EmptyActivity
12-02 08:40:08.426  5095  5135 D SmartPanelService: handlerActivityStart isResume = false  mPCIsResume = false  pkgName = com.example.dogglers
12-02 08:40:08.427  5095  5095 D BarrageWindowManager: closeFloatWindow
12-02 08:40:08.427  5095  5095 D BarrageWindow: close barrage
12-02 08:40:08.430   731   789 I BufferQueueConsumer: [](id:2db00018b0c,api:0,p:-1,c:731) connect(): controlledByApp=false
12-02 08:40:08.430   731   789 I BufferQueue: [unnamed-731-101132](this:0xb4000074f0c13208,id:101132,api:0,p:-1,c:-1) BufferQueue core=(731:/system/bin/surfaceflinger)
12-02 08:40:08.432 19834 19853 D CommandQueue: abortTransient
12-02 08:40:08.434  5095  5135 D Game_Utils: isQSplitscreenMode mode = 1
12-02 08:40:08.436  5095  5135 D Game_Utils: mode = 1 clsname = androidx.test.core.app.InstrumentationActivityInvoker$EmptyActivity
12-02 08:40:08.438  5095  5135 D Game_Utils: isTheMainScreen, displayId: 0  classname = androidx.test.core.app.InstrumentationActivityInvoker$EmptyActivity
12-02 08:40:08.438  5095  5135 D SmartPanelService: handlerVideoStart isResume = false  VIDEO_PACKAGE =   pkgName = com.example.dogglers
12-02 08:40:08.438   731  1178 I BufferQueueProducer: [com.example.dogglers/androidx.test.core.app.InstrumentationActivityInvoker$EmptyActivity#0](id:2db00018b0c,api:1,p:7981,c:731) connect(): api=1 producerControlledByApp=false
12-02 08:40:08.438  5095  5095 I SmartPanel_SlideState: clear, releasePress
12-02 08:40:08.441  1254  3940 I InputDispatcher: setInputWindows displayId=0 Window{3ce5b35 u0 ScreenDecorOverlayBottom} Window{67f39a4 u0 ScreenDecorOverlay} Window{2b19df5 u0 NavigationBar0} Window{1c2cd06 u0 StatusBar} com.example.dogglers/androidx.test.core.app.InstrumentationActivityInvoker$EmptyActivity#0 com.example.dogglers/com.example.dogglers.VerticalListActivity#0 recents_animation_input_consumer Window{f27e886 u0 com.android.systemui.ImageWallpaper}
12-02 08:40:08.446  1254  1403 I DreamAnimation:  hookAppTransitSuccess called, and doUnlockAnimation=0  mState=7
12-02 08:40:08.447  5095  5135 I SmartPanel_SmartPanelService: onWindowsDrawn pkgName: com.example.dogglers, className: androidx.test.core.app.InstrumentationActivityInvoker$EmptyActivity launchState=2 windowsDrawnDelayMs =73
12-02 08:40:08.448  1254  1411 I ActivityTaskManager: Displayed com.example.dogglers/androidx.test.core.app.InstrumentationActivityInvoker$EmptyActivity: +73ms
12-02 08:40:08.449 19834 19834 D NavigationBar: onSystemBarAppearanceChanged: appearance = 0
12-02 08:40:08.453 16595 16595 V PhoneWindow: DecorView setVisiblity: visibility = 8, Parent = android.view.ViewRootImpl@1c86a2a, this = DecorView@1545b1a[InputMethod]
12-02 08:40:08.454  5095  5135 D Game_Utils: mode = 1
12-02 08:40:08.456  5095  5135 D Game_Utils: isTheMainScreen, displayId: 0  classname = androidx.test.core.app.InstrumentationActivityInvoker$EmptyActivity
12-02 08:40:08.456  5095  5135 D Game_Utils: getTopPackageNameNew pkm = com.example.dogglers
12-02 08:40:08.457  5095  5135 D Game_Utils: isQSplitscreenMode mode = 1
12-02 08:40:08.459  1254  4189 I InputDispatcher: setInputWindows displayId=0 Window{3ce5b35 u0 ScreenDecorOverlayBottom} Window{67f39a4 u0 ScreenDecorOverlay} Window{2b19df5 u0 NavigationBar0} Window{1c2cd06 u0 StatusBar} Window{2b8b9e1 u0 com.example.dogglers/androidx.test.core.app.InstrumentationActivityInvoker$EmptyActivity} com.example.dogglers/com.example.dogglers.VerticalListActivity#0 recents_animation_input_consumer Window{f27e886 u0 com.android.systemui.ImageWallpaper}
12-02 08:40:08.459  1254  4189 I InputDispatcher: Window went away: com.example.dogglers/androidx.test.core.app.InstrumentationActivityInvoker$EmptyActivity#0
12-02 08:40:08.459   700   735 I mtkpower@impl: [setMode] type:5, enabled:1
12-02 08:40:08.460   700   769 I libPowerHal: [perfLockAcq] idx:124 hdl:3138600 hint:11 pid:700 duration:30000 => ret_hdl:3138600
12-02 08:40:08.460   700   769 I libPowerHal: [PE] scn:124 hdl:3138600 hint:11 comm:mtkpower@1.0-se pid:700
12-02 08:40:08.460   700   769 I libPowerHal: [perfLockRel] hdl:3138598, idx:118
12-02 08:40:08.460   700   769 I libPowerHal: [PD] scn:118 hdl:3138598 hint:11 comm:mtkpower@1.0-se pid:700
12-02 08:40:08.462  7981  7981 D LifecycleMonitor: Lifecycle status change: com.example.dogglers.VerticalListActivity@b4eeafb in: STOPPED
12-02 08:40:08.463  7981  7981 V ActivityScenario: Update currentActivityStage to STOPPED, currentActivity=com.example.dogglers.VerticalListActivity@b4eeafb
12-02 08:40:08.464  7981  7981 V PhoneWindow: DecorView setVisiblity: visibility = 4, Parent = android.view.ViewRootImpl@b009bf, this = DecorView@6216660[VerticalListActivity]
12-02 08:40:08.465  7981  7981 D LifecycleMonitor: Lifecycle status change: com.example.dogglers.VerticalListActivity@b4eeafb in: DESTROYED
12-02 08:40:08.466  7981  7981 V ActivityScenario: Update currentActivityStage to DESTROYED, currentActivity=null
12-02 08:40:08.467  5095  5135 I SmartPanel_SmartPanelService: activityCheck pkgName: com.example.dogglers, className: androidx.test.core.app.InstrumentationActivityInvoker$EmptyActivity isResume=false isInshow =true isDrawn = false
12-02 08:40:08.471  5095  5135 D Game_Utils: mode = 1 clsname = androidx.test.core.app.InstrumentationActivityInvoker$EmptyActivity
12-02 08:40:08.471  7981  7994 I xample.doggler: Compiler allocated 4421KB to compile void android.view.ViewRootImpl.performTraversals()
12-02 08:40:08.472   700   769 I mtkpower@impl: [powerd_req] TIMER_MSG_PERF_LOCK_TIMEOUT hdl:3138578
12-02 08:40:08.472   700   769 I libPowerHal: [perfLockRel] hdl:3138578, idx:129
12-02 08:40:08.472   700   769 I libPowerHal: [PD] scn:129 hdl:3138578 hint:30 comm:mtkpower@1.0-se pid:700
12-02 08:40:08.472  5095  5135 D Game_Utils: isTheMainScreen, displayId: 0  classname = androidx.test.core.app.InstrumentationActivityInvoker$EmptyActivity
12-02 08:40:08.473  5095  5135 D Game_Utils: isQSplitscreenMode mode = 1
12-02 08:40:08.475  1254  4189 I InputDispatcher: setInputWindows displayId=0 Window{3ce5b35 u0 ScreenDecorOverlayBottom} Window{67f39a4 u0 ScreenDecorOverlay} Window{2b19df5 u0 NavigationBar0} Window{1c2cd06 u0 StatusBar} Window{2b8b9e1 u0 com.example.dogglers/androidx.test.core.app.InstrumentationActivityInvoker$EmptyActivity} com.example.dogglers/com.example.dogglers.VerticalListActivity#0 recents_animation_input_consumer Window{f27e886 u0 com.android.systemui.ImageWallpaper}
12-02 08:40:08.475   731  1178 I BufferQueueProducer: [com.example.dogglers/com.example.dogglers.VerticalListActivity#0](id:2db00018b0b,api:1,p:7981,c:731) disconnect(): api=1
12-02 08:40:08.476  7981  7981 D View    : [Warning] assignParent to null: this = DecorView@6216660[VerticalListActivity]
12-02 08:40:08.476  5095  5135 D Game_Utils: mode = 1
12-02 08:40:08.478  1254  6637 I FZ2.LISTEN: ignore this pop window change of not system window
12-02 08:40:08.478 16888  6211 W AudioALSACaptureDataProviderNormal: readThread, latency_in_s,0.000001,0.039828,0.000037, totalTime 0.039867 > logTimeout 0.022000 TIMEOUT!!
12-02 08:40:08.479  7981  7981 I InputTransport: Destroy ARC handle: 0xb40000715417a010
12-02 08:40:08.480  7981  7981 D View    : [Warning] assignParent to null: this = DecorView@6216660[VerticalListActivity]
12-02 08:40:08.480 16595 16595 V PhoneWindow: DecorView setVisiblity: visibility = 8, Parent = android.view.ViewRootImpl@1c86a2a, this = DecorView@1545b1a[InputMethod]
12-02 08:40:08.481  5095  5135 D Game_Utils: isTheMainScreen, displayId: 0  classname = androidx.test.core.app.InstrumentationActivityInvoker$EmptyActivity
12-02 08:40:08.481  5095  5135 D Game_Utils: getTopPackageNameNew pkm = com.example.dogglers
12-02 08:40:08.482  5095  5135 D Game_Utils: isQSplitscreenMode mode = 1
12-02 08:40:08.485  7981  7981 D LifecycleMonitor: Lifecycle status change: androidx.test.core.app.InstrumentationActivityInvoker$EmptyActivity@e48cf52 in: PAUSED
12-02 08:40:08.485  7981  7981 V ActivityScenario: Activity lifecycle changed event received but ignored because the intent does not match. startActivityIntent=Intent { act=android.intent.action.MAIN cat=[android.intent.category.LAUNCHER] cmp=com.example.dogglers/.VerticalListActivity }, activity.getIntent()=Intent { act=android.intent.action.MAIN cat=[android.intent.category.LAUNCHER] flg=0x10000000 cmp=com.example.dogglers/androidx.test.core.app.InstrumentationActivityInvoker$EmptyActivity }, activity=androidx.test.core.app.InstrumentationActivityInvoker$EmptyActivity@e48cf52
12-02 08:40:08.485  5095  5135 D Game_Utils: mode = 1 clsname = androidx.test.core.app.InstrumentationActivityInvoker$EmptyActivity
12-02 08:40:08.491   731   731 I BufferQueueConsumer: [com.example.dogglers/com.example.dogglers.VerticalListActivity#0](id:2db00018b0b,api:0,p:-1,c:731) disconnect()
12-02 08:40:08.491   731   731 I BufferQueue: [com.example.dogglers/com.example.dogglers.VerticalListActivity#0](this:0xb4000074f0d4d598,id:101131,api:1,p:-1,c:-1) onDestructor()
12-02 08:40:08.492  2044 20462 D MultiWindowService: pkgName = com.example.dogglers
12-02 08:40:08.493  1254  3940 I InputDispatcher: setInputWindows displayId=0 Window{3ce5b35 u0 ScreenDecorOverlayBottom} Window{67f39a4 u0 ScreenDecorOverlay} Window{2b19df5 u0 NavigationBar0} Window{1c2cd06 u0 StatusBar} Window{2b8b9e1 u0 com.example.dogglers/androidx.test.core.app.InstrumentationActivityInvoker$EmptyActivity} recents_animation_input_consumer Window{f27e886 u0 com.android.systemui.ImageWallpaper}
12-02 08:40:08.493  1254  3940 I InputDispatcher: Window went away: com.example.dogglers/com.example.dogglers.VerticalListActivity#0
12-02 08:40:08.498  5095  5135 D Game_Utils: isTheMainScreen, displayId: 0  classname = androidx.test.core.app.InstrumentationActivityInvoker$EmptyActivity
12-02 08:40:08.498  5095  5135 D SmartPanelService: handlerActivityStart isResume = false  mPCIsResume = false  pkgName = com.example.dogglers
12-02 08:40:08.500  5095  5135 D Game_Utils: isQSplitscreenMode mode = 1
12-02 08:40:08.500  7981  8059 D libMEOW : applied 1 plugins for [com.example.dogglers]:
12-02 08:40:08.500  7981  8059 D libMEOW :   plugin 1: [libMEOW_gift.so]:
12-02 08:40:08.500  5095  5095 D BarrageWindowManager: closeFloatWindow
12-02 08:40:08.500  5095  5095 D BarrageWindow: close barrage
12-02 08:40:08.500 16595 16595 I GoogleInputMethodService: GoogleInputMethodService.onFinishInput():3301
12-02 08:40:08.501 16595 16595 I GoogleInputMethodService: GoogleInputMethodService.onStartInput():1979
12-02 08:40:08.501  5095  5135 D Game_Utils: mode = 1 clsname = androidx.test.core.app.InstrumentationActivityInvoker$EmptyActivity
12-02 08:40:08.501 16595 16595 I DeviceUnlockedTag: DeviceUnlockedTag.notifyDeviceLockStatusChanged():79 Notify device unlocked.
12-02 08:40:08.502  5095  5135 D Game_Utils: isTheMainScreen, displayId: 0  classname = androidx.test.core.app.InstrumentationActivityInvoker$EmptyActivity
12-02 08:40:08.502  5095  5135 D SmartPanelService: handlerVideoStart isResume = false  VIDEO_PACKAGE =   pkgName = com.example.dogglers
12-02 08:40:08.502  5095  5095 I SmartPanel_SlideState: clear, releasePress
12-02 08:40:08.503  7981  7981 D LifecycleMonitor: Lifecycle status change: androidx.test.core.app.InstrumentationActivityInvoker$EmptyActivity@da36611 in: PRE_ON_CREATE
12-02 08:40:08.503  7981  7981 V ActivityScenario: Activity lifecycle changed event received but ignored because the intent does not match. startActivityIntent=Intent { act=android.intent.action.MAIN cat=[android.intent.category.LAUNCHER] cmp=com.example.dogglers/.VerticalListActivity }, activity.getIntent()=Intent { act=android.intent.action.MAIN cat=[android.intent.category.LAUNCHER] flg=0x10000000 cmp=com.example.dogglers/androidx.test.core.app.InstrumentationActivityInvoker$EmptyActivity }, activity=androidx.test.core.app.InstrumentationActivityInvoker$EmptyActivity@da36611
12-02 08:40:08.507  7981  7981 I WhiteNavigationLice: Modify naviBarColor to white.
12-02 08:40:08.508  1254  3940 I InputDispatcher: setInputWindows displayId=0 Window{3ce5b35 u0 ScreenDecorOverlayBottom} Window{67f39a4 u0 ScreenDecorOverlay} Window{2b19df5 u0 NavigationBar0} Window{1c2cd06 u0 StatusBar} Window{2b8b9e1 u0 com.example.dogglers/androidx.test.core.app.InstrumentationActivityInvoker$EmptyActivity} recents_animation_input_consumer Window{f27e886 u0 com.android.systemui.ImageWallpaper}
12-02 08:40:08.510  7981  7981 D LifecycleMonitor: Lifecycle status change: androidx.test.core.app.InstrumentationActivityInvoker$EmptyActivity@da36611 in: CREATED
12-02 08:40:08.510  7981  7981 V ActivityScenario: Activity lifecycle changed event received but ignored because the intent does not match. startActivityIntent=Intent { act=android.intent.action.MAIN cat=[android.intent.category.LAUNCHER] cmp=com.example.dogglers/.VerticalListActivity }, activity.getIntent()=Intent { act=android.intent.action.MAIN cat=[android.intent.category.LAUNCHER] flg=0x10000000 cmp=com.example.dogglers/androidx.test.core.app.InstrumentationActivityInvoker$EmptyActivity }, activity=androidx.test.core.app.InstrumentationActivityInvoker$EmptyActivity@da36611
12-02 08:40:08.512  7981  7981 D LifecycleMonitor: Lifecycle status change: androidx.test.core.app.InstrumentationActivityInvoker$EmptyActivity@da36611 in: STARTED
12-02 08:40:08.512  7981  7981 V ActivityScenario: Activity lifecycle changed event received but ignored because the intent does not match. startActivityIntent=Intent { act=android.intent.action.MAIN cat=[android.intent.category.LAUNCHER] cmp=com.example.dogglers/.VerticalListActivity }, activity.getIntent()=Intent { act=android.intent.action.MAIN cat=[android.intent.category.LAUNCHER] flg=0x10000000 cmp=com.example.dogglers/androidx.test.core.app.InstrumentationActivityInvoker$EmptyActivity }, activity=androidx.test.core.app.InstrumentationActivityInvoker$EmptyActivity@da36611
12-02 08:40:08.513  7981  7981 D LifecycleMonitor: Lifecycle status change: androidx.test.core.app.InstrumentationActivityInvoker$EmptyActivity@da36611 in: RESUMED
12-02 08:40:08.514  7981  7981 V ActivityScenario: Activity lifecycle changed event received but ignored because the intent does not match. startActivityIntent=Intent { act=android.intent.action.MAIN cat=[android.intent.category.LAUNCHER] cmp=com.example.dogglers/.VerticalListActivity }, activity.getIntent()=Intent { act=android.intent.action.MAIN cat=[android.intent.category.LAUNCHER] flg=0x10000000 cmp=com.example.dogglers/androidx.test.core.app.InstrumentationActivityInvoker$EmptyActivity }, activity=androidx.test.core.app.InstrumentationActivityInvoker$EmptyActivity@da36611
12-02 08:40:08.514  7981  7981 V PhoneWindow: DecorView setVisiblity: visibility = 4, Parent = null, this = DecorView@92d77[]
12-02 08:40:08.515   731  2345 I SurfaceFlinger: [SF client] NEW(0xb4000074407d4210) for (7981:com.example.dogglers)
12-02 08:40:08.517  7981  7981 D ViewRootImpl[InstrumentationActivityInvoker$EmptyActivity]: hardware acceleration = true , fakeHwAccelerated = false, sRendererDisabled = false, forceHwAccelerated = false, sSystemRendererDisabled = false
12-02 08:40:08.518  1254  3208 I FZ2.LISTEN: ignore this pop window change of not system window
12-02 08:40:08.518 16888  6211 W AudioALSACaptureDataProviderNormal: readThread, latency_in_s,0.000001,0.039700,0.000037, totalTime 0.039738 > logTimeout 0.022000 TIMEOUT!!
12-02 08:40:08.521  7981  7981 I InputTransport: Create ARC handle: 0xb40000715417c140
12-02 08:40:08.521  7981  7981 V PhoneWindow: DecorView setVisiblity: visibility = 0, Parent = android.view.ViewRootImpl@dffb102, this = DecorView@92d77[InstrumentationActivityInvoker$EmptyActivity]
12-02 08:40:08.522  7981  7981 D LifecycleMonitor: Lifecycle status change: androidx.test.core.app.InstrumentationActivityInvoker$BootstrapActivity@6dff839 in: STOPPED
12-02 08:40:08.522  7981  7981 V ActivityScenario: Activity lifecycle changed event received but ignored because the intent does not match. startActivityIntent=Intent { act=android.intent.action.MAIN cat=[android.intent.category.LAUNCHER] cmp=com.example.dogglers/.VerticalListActivity }, activity.getIntent()=Intent { act=android.intent.action.MAIN cat=[android.intent.category.LAUNCHER] flg=0x10008000 cmp=com.example.dogglers/androidx.test.core.app.InstrumentationActivityInvoker$BootstrapActivity (has extras) }, activity=androidx.test.core.app.InstrumentationActivityInvoker$BootstrapActivity@6dff839
12-02 08:40:08.524  7981  7981 D LifecycleMonitor: Lifecycle status change: androidx.test.core.app.InstrumentationActivityInvoker$BootstrapActivity@6dff839 in: DESTROYED
12-02 08:40:08.524  7981  7981 V ActivityScenario: Activity lifecycle changed event received but ignored because the intent does not match. startActivityIntent=Intent { act=android.intent.action.MAIN cat=[android.intent.category.LAUNCHER] cmp=com.example.dogglers/.VerticalListActivity }, activity.getIntent()=Intent { act=android.intent.action.MAIN cat=[android.intent.category.LAUNCHER] flg=0x10008000 cmp=com.example.dogglers/androidx.test.core.app.InstrumentationActivityInvoker$BootstrapActivity (has extras) }, activity=androidx.test.core.app.InstrumentationActivityInvoker$BootstrapActivity@6dff839
12-02 08:40:08.524  1254  3940 I InputDispatcher: setInputWindows displayId=0 Window{3ce5b35 u0 ScreenDecorOverlayBottom} Window{67f39a4 u0 ScreenDecorOverlay} Window{2b19df5 u0 NavigationBar0} Window{1c2cd06 u0 StatusBar} com.example.dogglers/androidx.test.core.app.InstrumentationActivityInvoker$EmptyActivity#0 recents_animation_input_consumer Window{f27e886 u0 com.android.systemui.ImageWallpaper}
12-02 08:40:08.524  1254  3940 I InputDispatcher: Window went away: Window{2b8b9e1 u0 com.example.dogglers/androidx.test.core.app.InstrumentationActivityInvoker$EmptyActivity}
12-02 08:40:08.526 16595 16595 V PhoneWindow: DecorView setVisiblity: visibility = 8, Parent = android.view.ViewRootImpl@1c86a2a, this = DecorView@1545b1a[InputMethod]
12-02 08:40:08.531   731  2345 I BufferQueueConsumer: [](id:2db00018b0d,api:0,p:-1,c:731) connect(): controlledByApp=false
12-02 08:40:08.531   731  2345 I BufferQueue: [unnamed-731-101133](this:0xb4000074f0d808c8,id:101133,api:0,p:-1,c:-1) BufferQueue core=(731:/system/bin/surfaceflinger)
12-02 08:40:08.532 19834 19853 D CommandQueue: abortTransient
12-02 08:40:08.537   731  2345 I BufferQueueProducer: [com.example.dogglers/androidx.test.core.app.InstrumentationActivityInvoker$EmptyActivity#1](id:2db00018b0d,api:1,p:7981,c:731) connect(): api=1 producerControlledByApp=false
12-02 08:40:08.541  1254  4198 I InputDispatcher: setInputWindows displayId=0 Window{3ce5b35 u0 ScreenDecorOverlayBottom} Window{67f39a4 u0 ScreenDecorOverlay} Window{2b19df5 u0 NavigationBar0} Window{1c2cd06 u0 StatusBar} com.example.dogglers/androidx.test.core.app.InstrumentationActivityInvoker$EmptyActivity#1 com.example.dogglers/androidx.test.core.app.InstrumentationActivityInvoker$EmptyActivity#0 recents_animation_input_consumer Window{f27e886 u0 com.android.systemui.ImageWallpaper}
12-02 08:40:08.543  1254  1403 I DreamAnimation:  hookAppTransitSuccess called, and doUnlockAnimation=0  mState=7
12-02 08:40:08.544  5095  5135 I SmartPanel_SmartPanelService: onWindowsDrawn pkgName: com.example.dogglers, className: androidx.test.core.app.InstrumentationActivityInvoker$EmptyActivity launchState=2 windowsDrawnDelayMs =88
12-02 08:40:08.544  1254  1411 I ActivityTaskManager: Displayed com.example.dogglers/androidx.test.core.app.InstrumentationActivityInvoker$EmptyActivity: +88ms
12-02 08:40:08.548 16595 16595 V PhoneWindow: DecorView setVisiblity: visibility = 8, Parent = android.view.ViewRootImpl@1c86a2a, this = DecorView@1545b1a[InputMethod]
12-02 08:40:08.548  5095  5135 D Game_Utils: mode = 1
12-02 08:40:08.550  5095  5135 D Game_Utils: isTheMainScreen, displayId: 0  classname = androidx.test.core.app.InstrumentationActivityInvoker$EmptyActivity
12-02 08:40:08.550  5095  5135 D Game_Utils: getTopPackageNameNew pkm = com.example.dogglers
12-02 08:40:08.553   700   769 I libPowerHal: [perfLockAcq] idx:118 hdl:3138601 hint:22 pid:700 duration:10000 => ret_hdl:3138601
12-02 08:40:08.553   700   769 I libPowerHal: [PE] scn:118 hdl:3138601 hint:22 comm:mtkpower@1.0-se pid:700
12-02 08:40:08.553   700   769 I libPowerHal: [perfLockRel] hdl:3138595, idx:81
12-02 08:40:08.553   700   769 I libPowerHal: [PD] scn:81 hdl:3138595 hint:22 comm:mtkpower@1.0-se pid:700
12-02 08:40:08.555  5095  5135 D Game_Utils: isQSplitscreenMode mode = 1
12-02 08:40:08.558  1254  4189 I InputDispatcher: setInputWindows displayId=0 Window{3ce5b35 u0 ScreenDecorOverlayBottom} Window{67f39a4 u0 ScreenDecorOverlay} Window{2b19df5 u0 NavigationBar0} Window{1c2cd06 u0 StatusBar} Window{f2b5145 u0 com.example.dogglers/androidx.test.core.app.InstrumentationActivityInvoker$EmptyActivity} com.example.dogglers/androidx.test.core.app.InstrumentationActivityInvoker$EmptyActivity#0 recents_animation_input_consumer Window{f27e886 u0 com.android.systemui.ImageWallpaper}
12-02 08:40:08.558  1254  4189 I InputDispatcher: Window went away: com.example.dogglers/androidx.test.core.app.InstrumentationActivityInvoker$EmptyActivity#1
12-02 08:40:08.558 16888  6211 W AudioALSACaptureDataProviderNormal: readThread, latency_in_s,0.000001,0.039738,0.000036, totalTime 0.039774 > logTimeout 0.022000 TIMEOUT!!
12-02 08:40:08.559   731   789 I BufferQueueProducer: [com.example.dogglers/androidx.test.core.app.InstrumentationActivityInvoker$EmptyActivity#0](id:2db00018b0c,api:1,p:7981,c:731) disconnect(): api=1
12-02 08:40:08.566 16595 16595 V PhoneWindow: DecorView setVisiblity: visibility = 8, Parent = android.view.ViewRootImpl@1c86a2a, this = DecorView@1545b1a[InputMethod]
12-02 08:40:08.567  7981  7981 D LifecycleMonitor: Lifecycle status change: androidx.test.core.app.InstrumentationActivityInvoker$EmptyActivity@e48cf52 in: STOPPED
12-02 08:40:08.568  7981  7981 V ActivityScenario: Activity lifecycle changed event received but ignored because the intent does not match. startActivityIntent=Intent { act=android.intent.action.MAIN cat=[android.intent.category.LAUNCHER] cmp=com.example.dogglers/.VerticalListActivity }, activity.getIntent()=Intent { act=android.intent.action.MAIN cat=[android.intent.category.LAUNCHER] flg=0x10000000 cmp=com.example.dogglers/androidx.test.core.app.InstrumentationActivityInvoker$EmptyActivity }, activity=androidx.test.core.app.InstrumentationActivityInvoker$EmptyActivity@e48cf52
12-02 08:40:08.568  7981  7981 V PhoneWindow: DecorView setVisiblity: visibility = 4, Parent = android.view.ViewRootImpl@7e50d7f, this = DecorView@2547320[InstrumentationActivityInvoker$EmptyActivity]
12-02 08:40:08.570  7981  7981 D LifecycleMonitor: Lifecycle status change: androidx.test.core.app.InstrumentationActivityInvoker$EmptyActivity@e48cf52 in: DESTROYED
12-02 08:40:08.570  7981  7981 V ActivityScenario: Activity lifecycle changed event received but ignored because the intent does not match. startActivityIntent=Intent { act=android.intent.action.MAIN cat=[android.intent.category.LAUNCHER] cmp=com.example.dogglers/.VerticalListActivity }, activity.getIntent()=Intent { act=android.intent.action.MAIN cat=[android.intent.category.LAUNCHER] flg=0x10000000 cmp=com.example.dogglers/androidx.test.core.app.InstrumentationActivityInvoker$EmptyActivity }, activity=androidx.test.core.app.InstrumentationActivityInvoker$EmptyActivity@e48cf52
12-02 08:40:08.571  7981  7981 D View    : [Warning] assignParent to null: this = DecorView@2547320[InstrumentationActivityInvoker$EmptyActivity]
12-02 08:40:08.573  1254  3193 I FZ2.LISTEN: ignore this pop window change of not system window
12-02 08:40:08.574  1254  4198 I InputDispatcher: setInputWindows displayId=0 Window{3ce5b35 u0 ScreenDecorOverlayBottom} Window{67f39a4 u0 ScreenDecorOverlay} Window{2b19df5 u0 NavigationBar0} Window{1c2cd06 u0 StatusBar} com.example.dogglers/androidx.test.core.app.InstrumentationActivityInvoker$EmptyActivity#1 recents_animation_input_consumer Window{f27e886 u0 com.android.systemui.ImageWallpaper}
12-02 08:40:08.574  1254  4198 I InputDispatcher: Window went away: Window{f2b5145 u0 com.example.dogglers/androidx.test.core.app.InstrumentationActivityInvoker$EmptyActivity}
12-02 08:40:08.574  1254  4198 I InputDispatcher: Window went away: com.example.dogglers/androidx.test.core.app.InstrumentationActivityInvoker$EmptyActivity#0
12-02 08:40:08.575  7981  7981 I InputTransport: Destroy ARC handle: 0xb400007154189d30
12-02 08:40:08.575  7981  7981 D View    : [Warning] assignParent to null: this = DecorView@2547320[InstrumentationActivityInvoker$EmptyActivity]
12-02 08:40:08.575 16595 16595 V PhoneWindow: DecorView setVisiblity: visibility = 8, Parent = android.view.ViewRootImpl@1c86a2a, this = DecorView@1545b1a[InputMethod]
12-02 08:40:08.576  7981  7981 D LifecycleMonitor: Lifecycle status change: androidx.test.core.app.InstrumentationActivityInvoker$EmptyActivity@da36611 in: PAUSED
12-02 08:40:08.577  7981  7981 V ActivityScenario: Activity lifecycle changed event received but ignored because the intent does not match. startActivityIntent=Intent { act=android.intent.action.MAIN cat=[android.intent.category.LAUNCHER] cmp=com.example.dogglers/.VerticalListActivity }, activity.getIntent()=Intent { act=android.intent.action.MAIN cat=[android.intent.category.LAUNCHER] flg=0x10000000 cmp=com.example.dogglers/androidx.test.core.app.InstrumentationActivityInvoker$EmptyActivity }, activity=androidx.test.core.app.InstrumentationActivityInvoker$EmptyActivity@da36611
12-02 08:40:08.579   700   769 I libPowerHal: [perfNotifyAppState] foreground:com.transsion.XOSLauncher, pid:14795, uid:10172
12-02 08:40:08.579  2463 14192 E MessageDispatcher: [dispatchMessage] tag = uxdetector
12-02 08:40:08.579   700   769 E UxUtility: notifyAppState error = NULL
12-02 08:40:08.579   700   769 I TouchUtility: notifyAppState error = NULL
12-02 08:40:08.579   700   734 I mtkpower@impl: [notifyAppState] pc:0, com.example.dogglers => com.transsion.XOSLauncher
12-02 08:40:08.580  2463  3727 D UxDetectorHandler: getWifiStatus wifiId=<unknown ssid>
12-02 08:40:08.580  2463  3727 D UxDetectorHandler: getHeadsetStatus init headset=-2
12-02 08:40:08.581  5095  5135 I SmartPanel_SmartPanelService: activityCheck pkgName: com.transsion.XOSLauncher, className: com.android.quickstep.recents_ui_overrides.src.com.android.launcher3.uioverrides.QuickstepLauncher isResume=true isInshow =true isDrawn = false
12-02 08:40:08.584  7981  8008 I TestRunner: finished: vertical_scroll_content_at_first_position(com.example.dogglers.VerticalListTests)
