12-02 08:40:05.183  1254  4189 I InputDispatcher: setInputWindows displayId=0 Window{3ce5b35 u0 ScreenDecorOverlayBottom} Window{67f39a4 u0 ScreenDecorOverlay} Window{2b19df5 u0 NavigationBar0} Window{1c2cd06 u0 StatusBar} Splash Screen com.example.dogglers#0 Window{36db8af u0 com.example.dogglers/com.example.dogglers.VerticalListActivity} recents_animation_input_consumer Window{f27e886 u0 com.android.systemui.ImageWallpaper}
12-02 08:40:05.184  1254  4189 I InputDispatcher: Window went away: Window{1551039 u0 Splash Screen com.example.dogglers}
12-02 08:40:05.186 16595 16595 I InputTransport: Create ARC handle: 0xb40000715428df50
12-02 08:40:05.187   700   735 I mtkpower@impl: [setMode] type:5, enabled:0
12-02 08:40:05.188   700   769 I libPowerHal: [perfLockRel] hdl:3138540, idx:118
12-02 08:40:05.188   700   769 I libPowerHal: [PD] scn:118 hdl:3138540 hint:11 comm:mtkpower@1.0-se pid:700
12-02 08:40:05.188   700   769 I libPowerHal: [PD] LAUNCH update cmd:1420100 param:0
12-02 08:40:05.188   700   769 I libPowerHal: [PD] LAUNCH update cmd:300c000 param:0
12-02 08:40:05.189   456   456 E SELinux : avc:  denied  { find } for pid=3823 uid=1000 name=tethering scontext=u:r:silead_manager_app:s0 tcontext=u:object_r:tethering_service:s0 tclass=service_manager permissive=0
12-02 08:40:05.189   700   734 I mtkpower@impl: [mtkPowerHint] hint:22, hold:500, ext:30, ext_hold:1500
12-02 08:40:05.189   700   769 I libPowerHal: [perfLockAcq] idx:118 hdl:3138544 hint:22 pid:700 duration:500 => ret_hdl:3138544
12-02 08:40:05.189   700   769 I libPowerHal: [PE] scn:118 hdl:3138544 hint:22 comm:mtkpower@1.0-se pid:700
12-02 08:40:05.190   700   769 I libPowerHal: [perfLockRel] hdl:3138539, idx:116
12-02 08:40:05.190   700   769 I libPowerHal: [PD] scn:116 hdl:3138539 hint:22 comm:mtkpower@1.0-se pid:700
12-02 08:40:05.190   700   734 I mtkpower@impl: [mtkPowerHint] hint:23, hold:0, ext:30, ext_hold:500
12-02 08:40:05.191   700   769 I libPowerHal: [perfLockAcq] idx:125 hdl:3138545 hint:30 pid:700 duration:1500 => ret_hdl:3138545
12-02 08:40:05.191   700   769 I libPowerHal: [PE] scn:125 hdl:3138545 hint:30 comm:mtkpower@1.0-se pid:700
12-02 08:40:05.191   700   769 I libPowerHal: [perfLockRel] hdl:3138541, idx:81
12-02 08:40:05.191   700   769 I libPowerHal: [PD] scn:81 hdl:3138541 hint:23 comm:mtkpower@1.0-se pid:700
12-02 08:40:05.192   700   769 I libPowerHal: [perfLockAcq] idx:116 hdl:3138546 hint:30 pid:700 duration:500 => ret_hdl:3138546
12-02 08:40:05.192   700   769 I libPowerHal: [PE] scn:116 hdl:3138546 hint:30 comm:mtkpower@1.0-se pid:700
12-02 08:40:05.194 16595 16595 I GoogleInputMethodService: GoogleInputMethodService.onFinishInput():3301
12-02 08:40:05.194 16595 16595 I GoogleInputMethodService: GoogleInputMethodService.onStartInput():1979
12-02 08:40:05.195 16595 16595 I DeviceUnlockedTag: DeviceUnlockedTag.notifyDeviceLockStatusChanged():79 Notify device unlocked.
12-02 08:40:05.196  7981  7981 W xample.doggler: Accessing hidden method Landroid/os/MessageQueue;->next()Landroid/os/Message; (greylist, reflection, allowed)
12-02 08:40:05.196  7981  7981 W xample.doggler: Accessing hidden field Landroid/os/MessageQueue;->mMessages:Landroid/os/Message; (greylist, reflection, allowed)
12-02 08:40:05.196  7981  7981 W xample.doggler: Accessing hidden method Landroid/os/Message;->recycleUnchecked()V (greylist, reflection, allowed)
12-02 08:40:05.199  7981  7981 W xample.doggler: Accessing hidden method Landroid/view/WindowManagerGlobal;->getInstance()Landroid/view/WindowManagerGlobal; (greylist, reflection, allowed)
12-02 08:40:05.199  7981  7981 W xample.doggler: Accessing hidden field Landroid/view/WindowManagerGlobal;->mViews:Ljava/util/ArrayList; (greylist, reflection, allowed)
12-02 08:40:05.199  7981  7981 W xample.doggler: Accessing hidden field Landroid/view/WindowManagerGlobal;->mParams:Ljava/util/ArrayList; (greylist, reflection, allowed)
12-02 08:40:05.201  1254  4189 I InputDispatcher: setInputWindows displayId=0 Window{3ce5b35 u0 ScreenDecorOverlayBottom} Window{67f39a4 u0 ScreenDecorOverlay} Window{2b19df5 u0 NavigationBar0} Window{1c2cd06 u0 StatusBar} Splash Screen com.example.dogglers#0 Window{36db8af u0 com.example.dogglers/com.example.dogglers.VerticalListActivity} recents_animation_input_consumer Window{f27e886 u0 com.android.systemui.ImageWallpaper}
12-02 08:40:05.203  7981  7981 I ViewInteraction: Checking 'com.example.dogglers.BaseTest$DrawableMatcher$RecyclerViewAssertion@1438844' assertion on view view.getId() is <2131231206/com.example.dogglers:id/vertical_recycler_view>
12-02 08:40:05.205 16595 16595 V PhoneWindow: DecorView setVisiblity: visibility = 8, Parent = android.view.ViewRootImpl@1c86a2a, this = DecorView@1545b1a[InputMethod]
12-02 08:40:05.210   700   735 I mtkpower@impl: [setMode] type:5, enabled:1
12-02 08:40:05.211   700   769 I libPowerHal: [perfLockAcq] idx:81 hdl:3138547 hint:11 pid:700 duration:30000 => ret_hdl:3138547
12-02 08:40:05.211   700   769 I libPowerHal: [PE] scn:81 hdl:3138547 hint:11 comm:mtkpower@1.0-se pid:700
12-02 08:40:05.211   700   769 I libPowerHal: [PE] LAUNCH update cmd:1420100, param:1
12-02 08:40:05.211   700   769 I libPowerHal: [PE] LAUNCH update cmd:300c000, param:15
12-02 08:40:05.212   700   769 I libPowerHal: [perfLockRel] hdl:3138546, idx:116
12-02 08:40:05.212   700   769 I libPowerHal: [PD] scn:116 hdl:3138546 hint:30 comm:mtkpower@1.0-se pid:700
12-02 08:40:05.213   700   769 I libPowerHal: [perfLockAcq] idx:126 hdl:3138548 hint:23 pid:700 duration:10000 => ret_hdl:3138548
12-02 08:40:05.213   700   769 I libPowerHal: [PE] scn:126 hdl:3138548 hint:23 comm:mtkpower@1.0-se pid:700
12-02 08:40:05.213  5095  5135 I SmartPanel_SmartPanelService: activityCheck pkgName: com.example.dogglers, className: androidx.test.core.app.InstrumentationActivityInvoker$EmptyActivity isResume=false isInshow =true isDrawn = false
12-02 08:40:05.214  7981  7981 D LifecycleMonitor: Lifecycle status change: com.example.dogglers.VerticalListActivity@9cb0aeb in: PAUSED
12-02 08:40:05.215  7981  7981 V ActivityScenario: Update currentActivityStage to PAUSED, currentActivity=com.example.dogglers.VerticalListActivity@9cb0aeb
12-02 08:40:05.216  1254  4182 I InputDispatcher: setInputWindows displayId=0 Window{3ce5b35 u0 ScreenDecorOverlayBottom} Window{67f39a4 u0 ScreenDecorOverlay} Window{2b19df5 u0 NavigationBar0} Window{1c2cd06 u0 StatusBar} Splash Screen com.example.dogglers#0 Window{36db8af u0 com.example.dogglers/com.example.dogglers.VerticalListActivity} recents_animation_input_consumer Window{f27e886 u0 com.android.systemui.ImageWallpaper}
12-02 08:40:05.219 16888  6211 W AudioALSACaptureDataProviderNormal: readThread, latency_in_s,0.000001,0.039637,0.000044, totalTime 0.039682 > logTimeout 0.022000 TIMEOUT!!
12-02 08:40:05.220   700   769 I mtkpower@impl: [powerd_req] TIMER_MSG_PERF_LOCK_TIMEOUT hdl:3138542
12-02 08:40:05.220   700   769 I libPowerHal: [perfLockRel] hdl:3138542, idx:123
12-02 08:40:05.220   700   769 I libPowerHal: [PD] scn:123 hdl:3138542 hint:0 comm:mtkpower@1.0-se pid:700
12-02 08:40:05.221   700   734 I mtkpower@impl: [notifyAppState] act com.example.dogglers.VerticalListActivity => androidx.test.core.app.InstrumentationActivityInvoker$EmptyActivity
12-02 08:40:05.222 19834 19851 D CommandQueue: abortTransient
12-02 08:40:05.224  2044 20462 D MultiWindowService: pkgName = com.example.dogglers
12-02 08:40:05.227  7981  8036 D libMEOW : applied 1 plugins for [com.example.dogglers]:
12-02 08:40:05.227  7981  8036 D libMEOW :   plugin 1: [libMEOW_gift.so]:
12-02 08:40:05.228  5095  5135 D Game_Utils: mode = 1 clsname = androidx.test.core.app.InstrumentationActivityInvoker$EmptyActivity
12-02 08:40:05.230  5095  5135 D Game_Utils: isTheMainScreen, displayId: 0  classname = androidx.test.core.app.InstrumentationActivityInvoker$EmptyActivity
12-02 08:40:05.231  7981  7981 D LifecycleMonitor: Lifecycle status change: androidx.test.core.app.InstrumentationActivityInvoker$EmptyActivity@68dc2ae in: PRE_ON_CREATE
12-02 08:40:05.232  7981  7981 V ActivityScenario: Activity lifecycle changed event received but ignored because the intent does not match. startActivityIntent=Intent { act=android.intent.action.MAIN cat=[android.intent.category.LAUNCHER] cmp=com.example.dogglers/.VerticalListActivity }, activity.getIntent()=Intent { act=android.intent.action.MAIN cat=[android.intent.category.LAUNCHER] flg=0x10000000 cmp=com.example.dogglers/androidx.test.core.app.InstrumentationActivityInvoker$EmptyActivity }, activity=androidx.test.core.app.InstrumentationActivityInvoker$EmptyActivity@68dc2ae
12-02 08:40:05.232  5095  5135 D Game_Utils: isQSplitscreenMode mode = 1
12-02 08:40:05.233  1254  4189 I InputDispatcher: setInputWindows displayId=0 Window{3ce5b35 u0 ScreenDecorOverlayBottom} Window{67f39a4 u0 ScreenDecorOverlay} Window{2b19df5 u0 NavigationBar0} Window{1c2cd06 u0 StatusBar} Splash Screen com.example.dogglers#0 Window{36db8af u0 com.example.dogglers/com.example.dogglers.VerticalListActivity} recents_animation_input_consumer Window{f27e886 u0 com.android.systemui.ImageWallpaper}
12-02 08:40:05.236  7981  7981 I WhiteNavigationLice: Modify naviBarColor to white.
12-02 08:40:05.237  5095  5135 D Game_Utils: mode = 1
12-02 08:40:05.238  5095  5135 D Game_Utils: isTheMainScreen, displayId: 0  classname = androidx.test.core.app.InstrumentationActivityInvoker$EmptyActivity
12-02 08:40:05.238  5095  5135 D Game_Utils: getTopPackageNameNew pkm = com.example.dogglers
12-02 08:40:05.239  5095  5135 D Game_Utils: isQSplitscreenMode mode = 1
12-02 08:40:05.240  7981  7981 D LifecycleMonitor: Lifecycle status change: androidx.test.core.app.InstrumentationActivityInvoker$EmptyActivity@68dc2ae in: CREATED
12-02 08:40:05.240  7981  7981 V ActivityScenario: Activity lifecycle changed event received but ignored because the intent does not match. startActivityIntent=Intent { act=android.intent.action.MAIN cat=[android.intent.category.LAUNCHER] cmp=com.example.dogglers/.VerticalListActivity }, activity.getIntent()=Intent { act=android.intent.action.MAIN cat=[android.intent.category.LAUNCHER] flg=0x10000000 cmp=com.example.dogglers/androidx.test.core.app.InstrumentationActivityInvoker$EmptyActivity }, activity=androidx.test.core.app.InstrumentationActivityInvoker$EmptyActivity@68dc2ae
12-02 08:40:05.242  5095  5135 D Game_Utils: mode = 1 clsname = androidx.test.core.app.InstrumentationActivityInvoker$EmptyActivity
12-02 08:40:05.242  7981  7981 D LifecycleMonitor: Lifecycle status change: androidx.test.core.app.InstrumentationActivityInvoker$EmptyActivity@68dc2ae in: STARTED
12-02 08:40:05.243  5095  5135 D Game_Utils: isTheMainScreen, displayId: 0  classname = androidx.test.core.app.InstrumentationActivityInvoker$EmptyActivity
12-02 08:40:05.243  5095  5135 D SmartPanelService: handlerActivityStart isResume = false  mPCIsResume = false  pkgName = com.example.dogglers
12-02 08:40:05.243  7981  7981 V ActivityScenario: Activity lifecycle changed event received but ignored because the intent does not match. startActivityIntent=Intent { act=android.intent.action.MAIN cat=[android.intent.category.LAUNCHER] cmp=com.example.dogglers/.VerticalListActivity }, activity.getIntent()=Intent { act=android.intent.action.MAIN cat=[android.intent.category.LAUNCHER] flg=0x10000000 cmp=com.example.dogglers/androidx.test.core.app.InstrumentationActivityInvoker$EmptyActivity }, activity=androidx.test.core.app.InstrumentationActivityInvoker$EmptyActivity@68dc2ae
12-02 08:40:05.244  5095  5095 D BarrageWindowManager: closeFloatWindow
12-02 08:40:05.244  5095  5135 D Game_Utils: isQSplitscreenMode mode = 1
12-02 08:40:05.244  5095  5095 D BarrageWindow: close barrage
12-02 08:40:05.245  7981  7981 D LifecycleMonitor: Lifecycle status change: androidx.test.core.app.InstrumentationActivityInvoker$EmptyActivity@68dc2ae in: RESUMED
12-02 08:40:05.245  7981  7981 V ActivityScenario: Activity lifecycle changed event received but ignored because the intent does not match. startActivityIntent=Intent { act=android.intent.action.MAIN cat=[android.intent.category.LAUNCHER] cmp=com.example.dogglers/.VerticalListActivity }, activity.getIntent()=Intent { act=android.intent.action.MAIN cat=[android.intent.category.LAUNCHER] flg=0x10000000 cmp=com.example.dogglers/androidx.test.core.app.InstrumentationActivityInvoker$EmptyActivity }, activity=androidx.test.core.app.InstrumentationActivityInvoker$EmptyActivity@68dc2ae
12-02 08:40:05.246  7981  7981 V PhoneWindow: DecorView setVisiblity: visibility = 4, Parent = null, this = DecorView@9399bdc[]
12-02 08:40:05.246  5095  5135 D Game_Utils: mode = 1 clsname = androidx.test.core.app.InstrumentationActivityInvoker$EmptyActivity
12-02 08:40:05.246   731   791 I SurfaceFlinger: [SF client] NEW(0xb4000074407c63d0) for (7981:com.example.dogglers)
12-02 08:40:05.247  5095  5135 D Game_Utils: isTheMainScreen, displayId: 0  classname = androidx.test.core.app.InstrumentationActivityInvoker$EmptyActivity
12-02 08:40:05.247  5095  5135 D SmartPanelService: handlerVideoStart isResume = false  VIDEO_PACKAGE =   pkgName = com.example.dogglers
12-02 08:40:05.247  5095  5135 I SmartPanel_SmartPanelService: activityCheck pkgName: com.example.dogglers, className: androidx.test.core.app.InstrumentationActivityInvoker$EmptyActivity isResume=false isInshow =true isDrawn = false
12-02 08:40:05.247  5095  5095 I SmartPanel_SlideState: clear, releasePress
12-02 08:40:05.249  7981  7981 D ViewRootImpl[InstrumentationActivityInvoker$EmptyActivity]: hardware acceleration = true , fakeHwAccelerated = false, sRendererDisabled = false, forceHwAccelerated = false, sSystemRendererDisabled = false
12-02 08:40:05.250  1254  4198 I InputDispatcher: setInputWindows displayId=0 Window{3ce5b35 u0 ScreenDecorOverlayBottom} Window{67f39a4 u0 ScreenDecorOverlay} Window{2b19df5 u0 NavigationBar0} Window{1c2cd06 u0 StatusBar} Splash Screen com.example.dogglers#0 com.example.dogglers/com.example.dogglers.VerticalListActivity#0 recents_animation_input_consumer Window{f27e886 u0 com.android.systemui.ImageWallpaper}
12-02 08:40:05.250  1254  4198 I InputDispatcher: Window went away: Window{36db8af u0 com.example.dogglers/com.example.dogglers.VerticalListActivity}
12-02 08:40:05.250  5095  5135 D Game_Utils: mode = 1 clsname = androidx.test.core.app.InstrumentationActivityInvoker$EmptyActivity
12-02 08:40:05.250  1254  2739 I FZ2.LISTEN: ignore this pop window change of not system window
12-02 08:40:05.252  7981  7981 I InputTransport: Create ARC handle: 0xb4000071541ae3c0
12-02 08:40:05.252  7981  7981 V PhoneWindow: DecorView setVisiblity: visibility = 0, Parent = android.view.ViewRootImpl@5a0ea6b, this = DecorView@9399bdc[InstrumentationActivityInvoker$EmptyActivity]
12-02 08:40:05.253  5095  5135 D Game_Utils: isTheMainScreen, displayId: 0  classname = androidx.test.core.app.InstrumentationActivityInvoker$EmptyActivity
12-02 08:40:05.254  5095  5135 D Game_Utils: isQSplitscreenMode mode = 1
12-02 08:40:05.254 16595 16595 V PhoneWindow: DecorView setVisiblity: visibility = 8, Parent = android.view.ViewRootImpl@1c86a2a, this = DecorView@1545b1a[InputMethod]
12-02 08:40:05.255  7981  7981 D LifecycleMonitor: Lifecycle status change: androidx.test.core.app.InstrumentationActivityInvoker$BootstrapActivity@63b11df in: STOPPED
12-02 08:40:05.255  7981  7981 V ActivityScenario: Activity lifecycle changed event received but ignored because the intent does not match. startActivityIntent=Intent { act=android.intent.action.MAIN cat=[android.intent.category.LAUNCHER] cmp=com.example.dogglers/.VerticalListActivity }, activity.getIntent()=Intent { act=android.intent.action.MAIN cat=[android.intent.category.LAUNCHER] flg=0x10008000 cmp=com.example.dogglers/androidx.test.core.app.InstrumentationActivityInvoker$BootstrapActivity (has extras) }, activity=androidx.test.core.app.InstrumentationActivityInvoker$BootstrapActivity@63b11df
12-02 08:40:05.257  5095  5135 D Game_Utils: mode = 1
12-02 08:40:05.258  5095  5135 D Game_Utils: isTheMainScreen, displayId: 0  classname = androidx.test.core.app.InstrumentationActivityInvoker$EmptyActivity
12-02 08:40:05.258  5095  5135 D Game_Utils: getTopPackageNameNew pkm = com.example.dogglers
12-02 08:40:05.258   977  1056 D AAL     : 12-02 08:40:05.059 BL= 148,ESS= 256, 12-02 08:40:05.108 BL= 147,ESS= 256, 12-02 08:40:05.158 BL= 146,ESS= 256, 12-02 08:40:05.208 BL= 145,ESS= 256, 12-02 08:40:05.258 BL= 144,ESS= 256,
12-02 08:40:05.258 16888  6211 W AudioALSACaptureDataProviderNormal: readThread, latency_in_s,0.000001,0.039635,0.000046, totalTime 0.039682 > logTimeout 0.022000 TIMEOUT!!
12-02 08:40:05.259  5095  5135 D Game_Utils: isQSplitscreenMode mode = 1
12-02 08:40:05.261  5095  5135 D Game_Utils: mode = 1 clsname = androidx.test.core.app.InstrumentationActivityInvoker$EmptyActivity
12-02 08:40:05.263   731   791 I BufferQueueConsumer: [](id:2db00018afd,api:0,p:-1,c:731) connect(): controlledByApp=false
12-02 08:40:05.263   731   791 I BufferQueue: [unnamed-731-101117](this:0xb4000074f0c13208,id:101117,api:0,p:-1,c:-1) BufferQueue core=(731:/system/bin/surfaceflinger)
12-02 08:40:05.265 19834 20914 D CommandQueue: abortTransient
12-02 08:40:05.266  1254  4189 I InputDispatcher: setInputWindows displayId=0 Window{3ce5b35 u0 ScreenDecorOverlayBottom} Window{67f39a4 u0 ScreenDecorOverlay} Window{2b19df5 u0 NavigationBar0} Window{1c2cd06 u0 StatusBar} com.example.dogglers/androidx.test.core.app.InstrumentationActivityInvoker$EmptyActivity#0 Splash Screen com.example.dogglers#0 com.example.dogglers/com.example.dogglers.VerticalListActivity#0 recents_animation_input_consumer Window{f27e886 u0 com.android.systemui.ImageWallpaper}
12-02 08:40:05.268  5095  5135 D Game_Utils: isTheMainScreen, displayId: 0  classname = androidx.test.core.app.InstrumentationActivityInvoker$EmptyActivity
12-02 08:40:05.268  5095  5135 D SmartPanelService: handlerActivityStart isResume = false  mPCIsResume = false  pkgName = com.example.dogglers
12-02 08:40:05.269  5095  5095 D BarrageWindowManager: closeFloatWindow
12-02 08:40:05.269  5095  5095 D BarrageWindow: close barrage
12-02 08:40:05.270  5095  5135 D Game_Utils: isQSplitscreenMode mode = 1
12-02 08:40:05.272   731  2344 I BufferQueueProducer: [com.example.dogglers/androidx.test.core.app.InstrumentationActivityInvoker$EmptyActivity#0](id:2db00018afd,api:1,p:7981,c:731) connect(): api=1 producerControlledByApp=false
12-02 08:40:05.272  5095  5135 D Game_Utils: mode = 1 clsname = androidx.test.core.app.InstrumentationActivityInvoker$EmptyActivity
12-02 08:40:05.275  5095  5135 D Game_Utils: isTheMainScreen, displayId: 0  classname = androidx.test.core.app.InstrumentationActivityInvoker$EmptyActivity
12-02 08:40:05.275  5095  5135 D SmartPanelService: handlerVideoStart isResume = false  VIDEO_PACKAGE =   pkgName = com.example.dogglers
12-02 08:40:05.275  5095  5095 I SmartPanel_SlideState: clear, releasePress
12-02 08:40:05.278  5095  5135 D Game_Utils: mode = 1
12-02 08:40:05.280  5095  5135 D Game_Utils: isTheMainScreen, displayId: 0  classname = androidx.test.core.app.InstrumentationActivityInvoker$EmptyActivity
12-02 08:40:05.280  5095  5135 D Game_Utils: getTopPackageNameNew pkm = com.example.dogglers
12-02 08:40:05.282  5095  5135 D Game_Utils: mode = 1
12-02 08:40:05.283  1254  4182 I InputDispatcher: setInputWindows displayId=0 Window{3ce5b35 u0 ScreenDecorOverlayBottom} Window{67f39a4 u0 ScreenDecorOverlay} Window{2b19df5 u0 NavigationBar0} Window{1c2cd06 u0 StatusBar} Window{b1a92fa u0 com.example.dogglers/androidx.test.core.app.InstrumentationActivityInvoker$EmptyActivity} Splash Screen com.example.dogglers#0 com.example.dogglers/com.example.dogglers.VerticalListActivity#0 recents_animation_input_consumer Window{f27e886 u0 com.android.systemui.ImageWallpaper}
12-02 08:40:05.283  1254  4182 I InputDispatcher: Window went away: com.example.dogglers/androidx.test.core.app.InstrumentationActivityInvoker$EmptyActivity#0
12-02 08:40:05.284  5095  5135 D Game_Utils: isTheMainScreen, displayId: 0  classname = androidx.test.core.app.InstrumentationActivityInvoker$EmptyActivity
12-02 08:40:05.284  5095  5135 D Game_Utils: getTopClassNameNew className = androidx.test.core.app.InstrumentationActivityInvoker$EmptyActivity
12-02 08:40:05.287  5095  5135 D Game_Utils: isQSplitscreenMode mode = 1
12-02 08:40:05.287  5095  5135 I SmartPanel_SmartPanelService: ASP topPkg: com.example.dogglers  topClass = androidx.test.core.app.InstrumentationActivityInvoker$EmptyActivity isSplitScreenfalse
12-02 08:40:05.287  5095  5135 I SmartPanel_SmartPanelService: ASP pkgName: com.example.dogglers  screenState=false
12-02 08:40:05.292  5095  5135 D Game_Utils: isQSplitscreenMode mode = 1
12-02 08:40:05.294  5095  5135 D Game_Utils: mode = 1 clsname = androidx.test.core.app.InstrumentationActivityInvoker$EmptyActivity
12-02 08:40:05.294  5095  5135 D Game_Utils: isTheMainScreen, displayId: 0  classname = androidx.test.core.app.InstrumentationActivityInvoker$EmptyActivity
12-02 08:40:05.295  5095  5135 D SmartPanelService: handlerVideoStart isResume = true  VIDEO_PACKAGE =   pkgName = com.example.dogglers
12-02 08:40:05.298 16888  6211 W AudioALSACaptureDataProviderNormal: readThread, latency_in_s,0.000001,0.039699,0.000031, totalTime 0.039731 > logTimeout 0.022000 TIMEOUT!!
12-02 08:40:05.299  1254  4189 I InputDispatcher: setInputWindows displayId=0 Window{3ce5b35 u0 ScreenDecorOverlayBottom} Window{67f39a4 u0 ScreenDecorOverlay} Window{2b19df5 u0 NavigationBar0} Window{1c2cd06 u0 StatusBar} Window{b1a92fa u0 com.example.dogglers/androidx.test.core.app.InstrumentationActivityInvoker$EmptyActivity} Splash Screen com.example.dogglers#0 com.example.dogglers/com.example.dogglers.VerticalListActivity#0 recents_animation_input_consumer Window{f27e886 u0 com.android.systemui.ImageWallpaper}
12-02 08:40:05.306  1254  1403 I DreamAnimation:  hookAppTransitSuccess called, and doUnlockAnimation=0  mState=7
12-02 08:40:05.307  5095  5135 I SmartPanel_SmartPanelService: onWindowsDrawn pkgName: com.example.dogglers, className: androidx.test.core.app.InstrumentationActivityInvoker$EmptyActivity launchState=2 windowsDrawnDelayMs =98
12-02 08:40:05.308  1254  1411 I ActivityTaskManager: Displayed com.example.dogglers/androidx.test.core.app.InstrumentationActivityInvoker$EmptyActivity: +98ms
12-02 08:40:05.313  5095  5135 D Game_Utils: mode = 1
12-02 08:40:05.314  5095  5135 D Game_Utils: isTheMainScreen, displayId: 0  classname = androidx.test.core.app.InstrumentationActivityInvoker$EmptyActivity
12-02 08:40:05.314  5095  5135 D Game_Utils: getTopPackageNameNew pkm = com.example.dogglers
12-02 08:40:05.315  5095  5135 D Game_Utils: isQSplitscreenMode mode = 1
12-02 08:40:05.316  1254  4198 I InputDispatcher: setInputWindows displayId=0 Window{3ce5b35 u0 ScreenDecorOverlayBottom} Window{67f39a4 u0 ScreenDecorOverlay} Window{2b19df5 u0 NavigationBar0} Window{1c2cd06 u0 StatusBar} Window{b1a92fa u0 com.example.dogglers/androidx.test.core.app.InstrumentationActivityInvoker$EmptyActivity} Splash Screen com.example.dogglers#0 com.example.dogglers/com.example.dogglers.VerticalListActivity#0 recents_animation_input_consumer Window{f27e886 u0 com.android.systemui.ImageWallpaper}
12-02 08:40:05.318  1254  3207 I FZ2.LISTEN: ignore this pop window change of not system window
12-02 08:40:05.326 16595 16595 I GoogleInputMethodService: GoogleInputMethodService.onFinishInput():3301
12-02 08:40:05.326 15119 15356 I FontLog : Received query Noto Color Emoji Compat, URI content://com.google.android.gms.fonts [CONTEXT service_id=132 ]
12-02 08:40:05.326 15119 15356 I FontLog : Query [emojicompat-emoji-font] resolved to {Noto Color Emoji Compat, wdth 100.0, wght 400, ital 0.0, bestEffort false} [CONTEXT service_id=132 ]
12-02 08:40:05.326 16595 16595 I GoogleInputMethodService: GoogleInputMethodService.onStartInput():1979
12-02 08:40:05.327 16595 16595 I DeviceUnlockedTag: DeviceUnlockedTag.notifyDeviceLockStatusChanged():79 Notify device unlocked.
12-02 08:40:05.328 15119 15356 I FontLog : Fetch {Noto Color Emoji Compat, wdth 100.0, wght 400, ital 0.0, bestEffort false} end status Status{statusCode=SUCCESS, resolution=null} [CONTEXT service_id=132 ]
12-02 08:40:05.330   700   735 I mtkpower@impl: [setMode] type:5, enabled:1
12-02 08:40:05.330   700   769 I libPowerHal: [perfLockAcq] idx:116 hdl:3138549 hint:11 pid:700 duration:30000 => ret_hdl:3138549
12-02 08:40:05.330   700   769 I libPowerHal: [PE] scn:116 hdl:3138549 hint:11 comm:mtkpower@1.0-se pid:700
12-02 08:40:05.330   700   769 I libPowerHal: [perfLockRel] hdl:3138547, idx:81
12-02 08:40:05.331   700   769 I libPowerHal: [PD] scn:81 hdl:3138547 hint:11 comm:mtkpower@1.0-se pid:700
12-02 08:40:05.332   731   731 I BufferQueueConsumer: [Splash Screen com.example.dogglers#0](id:2db00018afb,api:0,p:-1,c:731) disconnect()
12-02 08:40:05.332   731   731 I BufferQueue: [Splash Screen com.example.dogglers#0](this:0xb4000074f0d5b678,id:101115,api:2,p:-1,c:-1) onDestructor()
12-02 08:40:05.333  1254  3979 I InputDispatcher: setInputWindows displayId=0 Window{3ce5b35 u0 ScreenDecorOverlayBottom} Window{67f39a4 u0 ScreenDecorOverlay} Window{2b19df5 u0 NavigationBar0} Window{1c2cd06 u0 StatusBar} Window{b1a92fa u0 com.example.dogglers/androidx.test.core.app.InstrumentationActivityInvoker$EmptyActivity} com.example.dogglers/com.example.dogglers.VerticalListActivity#0 recents_animation_input_consumer Window{f27e886 u0 com.android.systemui.ImageWallpaper}
12-02 08:40:05.334  1254  3979 I InputDispatcher: Window went away: Splash Screen com.example.dogglers#0
12-02 08:40:05.334 15119 15356 I FontLog : Pulling font file for id = 100, cache size = 5 [CONTEXT service_id=132 ]
12-02 08:40:05.336  5095  5135 I SmartPanel_SmartPanelService: activityCheck pkgName: com.example.dogglers, className: androidx.test.core.app.InstrumentationActivityInvoker$EmptyActivity isResume=false isInshow =true isDrawn = false
12-02 08:40:05.337   731  2344 I BufferQueueProducer: [com.example.dogglers/com.example.dogglers.VerticalListActivity#0](id:2db00018afc,api:1,p:7981,c:731) disconnect(): api=1
12-02 08:40:05.339 16888  6211 W AudioALSACaptureDataProviderNormal: readThread, latency_in_s,0.000001,0.039764,0.000055, totalTime 0.039819 > logTimeout 0.022000 TIMEOUT!!
12-02 08:40:05.340 15119 15356 I FontLog : Pulling font file for id = 100, cache size = 5 [CONTEXT service_id=132 ]
12-02 08:40:05.345  5095  5135 D Game_Utils: mode = 1 clsname = androidx.test.core.app.InstrumentationActivityInvoker$EmptyActivity
12-02 08:40:05.347  5095  5135 D Game_Utils: isTheMainScreen, displayId: 0  classname = androidx.test.core.app.InstrumentationActivityInvoker$EmptyActivity
12-02 08:40:05.348  7981  7981 D LifecycleMonitor: Lifecycle status change: com.example.dogglers.VerticalListActivity@9cb0aeb in: STOPPED
12-02 08:40:05.348  5095  5135 D Game_Utils: isQSplitscreenMode mode = 1
12-02 08:40:05.348  7981  7981 V ActivityScenario: Update currentActivityStage to STOPPED, currentActivity=com.example.dogglers.VerticalListActivity@9cb0aeb
12-02 08:40:05.349  7981  7981 V PhoneWindow: DecorView setVisiblity: visibility = 4, Parent = android.view.ViewRootImpl@fe06d66, this = DecorView@6c7d8a7[VerticalListActivity]
12-02 08:40:05.350  1254  4189 I InputDispatcher: setInputWindows displayId=0 Window{3ce5b35 u0 ScreenDecorOverlayBottom} Window{67f39a4 u0 ScreenDecorOverlay} Window{2b19df5 u0 NavigationBar0} Window{1c2cd06 u0 StatusBar} Window{b1a92fa u0 com.example.dogglers/androidx.test.core.app.InstrumentationActivityInvoker$EmptyActivity} com.example.dogglers/com.example.dogglers.VerticalListActivity#0 recents_animation_input_consumer Window{f27e886 u0 com.android.systemui.ImageWallpaper}
12-02 08:40:05.350  7981  7981 D LifecycleMonitor: Lifecycle status change: com.example.dogglers.VerticalListActivity@9cb0aeb in: DESTROYED
12-02 08:40:05.350  7981  7981 V ActivityScenario: Update currentActivityStage to DESTROYED, currentActivity=null
12-02 08:40:05.353  7981  7981 D View    : [Warning] assignParent to null: this = DecorView@6c7d8a7[VerticalListActivity]
12-02 08:40:05.353  5095  5135 D Game_Utils: mode = 1
12-02 08:40:05.354  1254  6481 I FZ2.LISTEN: ignore this pop window change of not system window
12-02 08:40:05.356  7981  7981 I InputTransport: Destroy ARC handle: 0xb40000715419cb70
12-02 08:40:05.357  7981  7981 D View    : [Warning] assignParent to null: this = DecorView@6c7d8a7[VerticalListActivity]
12-02 08:40:05.358  5095  5135 D Game_Utils: isTheMainScreen, displayId: 0  classname = androidx.test.core.app.InstrumentationActivityInvoker$EmptyActivity
12-02 08:40:05.358  5095  5135 D Game_Utils: getTopPackageNameNew pkm = com.example.dogglers
12-02 08:40:05.361  5095  5135 D Game_Utils: isQSplitscreenMode mode = 1
12-02 08:40:05.362  7981  7981 D LifecycleMonitor: Lifecycle status change: androidx.test.core.app.InstrumentationActivityInvoker$EmptyActivity@68dc2ae in: PAUSED
12-02 08:40:05.362  7981  7981 V ActivityScenario: Activity lifecycle changed event received but ignored because the intent does not match. startActivityIntent=Intent { act=android.intent.action.MAIN cat=[android.intent.category.LAUNCHER] cmp=com.example.dogglers/.VerticalListActivity }, activity.getIntent()=Intent { act=android.intent.action.MAIN cat=[android.intent.category.LAUNCHER] flg=0x10000000 cmp=com.example.dogglers/androidx.test.core.app.InstrumentationActivityInvoker$EmptyActivity }, activity=androidx.test.core.app.InstrumentationActivityInvoker$EmptyActivity@68dc2ae
12-02 08:40:05.363  5095  5135 D Game_Utils: mode = 1 clsname = androidx.test.core.app.InstrumentationActivityInvoker$EmptyActivity
12-02 08:40:05.366   731   731 I BufferQueueConsumer: [com.example.dogglers/com.example.dogglers.VerticalListActivity#0](id:2db00018afc,api:0,p:-1,c:731) disconnect()
12-02 08:40:05.366   731   731 I BufferQueue: [com.example.dogglers/com.example.dogglers.VerticalListActivity#0](this:0xb4000074f0d808c8,id:101116,api:1,p:-1,c:-1) onDestructor()
12-02 08:40:05.368  1254  4189 I InputDispatcher: setInputWindows displayId=0 Window{3ce5b35 u0 ScreenDecorOverlayBottom} Window{67f39a4 u0 ScreenDecorOverlay} Window{2b19df5 u0 NavigationBar0} Window{1c2cd06 u0 StatusBar} Window{b1a92fa u0 com.example.dogglers/androidx.test.core.app.InstrumentationActivityInvoker$EmptyActivity} recents_animation_input_consumer Window{f27e886 u0 com.android.systemui.ImageWallpaper}
12-02 08:40:05.368  1254  4189 I InputDispatcher: Window went away: com.example.dogglers/com.example.dogglers.VerticalListActivity#0
12-02 08:40:05.371  2044 20462 D MultiWindowService: pkgName = com.example.dogglers
12-02 08:40:05.375 16595 16595 V PhoneWindow: DecorView setVisiblity: visibility = 8, Parent = android.view.ViewRootImpl@1c86a2a, this = DecorView@1545b1a[InputMethod]
12-02 08:40:05.376  5095  5135 D Game_Utils: isTheMainScreen, displayId: 0  classname = androidx.test.core.app.InstrumentationActivityInvoker$EmptyActivity
12-02 08:40:05.376  5095  5135 D SmartPanelService: handlerActivityStart isResume = false  mPCIsResume = false  pkgName = com.example.dogglers
12-02 08:40:05.376  7981  7981 D LifecycleMonitor: Lifecycle status change: androidx.test.core.app.InstrumentationActivityInvoker$BootstrapActivity@63b11df in: DESTROYED
12-02 08:40:05.377  7981  7981 V ActivityScenario: Activity lifecycle changed event received but ignored because the intent does not match. startActivityIntent=Intent { act=android.intent.action.MAIN cat=[android.intent.category.LAUNCHER] cmp=com.example.dogglers/.VerticalListActivity }, activity.getIntent()=Intent { act=android.intent.action.MAIN cat=[android.intent.category.LAUNCHER] flg=0x10008000 cmp=com.example.dogglers/androidx.test.core.app.InstrumentationActivityInvoker$BootstrapActivity (has extras) }, activity=androidx.test.core.app.InstrumentationActivityInvoker$BootstrapActivity@63b11df
12-02 08:40:05.377  5095  5095 D BarrageWindowManager: closeFloatWindow
12-02 08:40:05.378  5095  5095 D BarrageWindow: close barrage
12-02 08:40:05.378  5095  5135 D Game_Utils: isQSplitscreenMode mode = 1
12-02 08:40:05.378 16888  6211 W AudioALSACaptureDataProviderNormal: readThread, latency_in_s,0.000001,0.039535,0.000018, totalTime 0.039554 > logTimeout 0.022000 TIMEOUT!!
12-02 08:40:05.378  7981  8039 D libMEOW : applied 1 plugins for [com.example.dogglers]:
12-02 08:40:05.378  7981  8039 D libMEOW :   plugin 1: [libMEOW_gift.so]:
12-02 08:40:05.382  5095  5135 D Game_Utils: mode = 1 clsname = androidx.test.core.app.InstrumentationActivityInvoker$EmptyActivity
12-02 08:40:05.382  7981  7981 D LifecycleMonitor: Lifecycle status change: androidx.test.core.app.InstrumentationActivityInvoker$EmptyActivity@2bf3499 in: PRE_ON_CREATE
12-02 08:40:05.383  7981  7981 V ActivityScenario: Activity lifecycle changed event received but ignored because the intent does not match. startActivityIntent=Intent { act=android.intent.action.MAIN cat=[android.intent.category.LAUNCHER] cmp=com.example.dogglers/.VerticalListActivity }, activity.getIntent()=Intent { act=android.intent.action.MAIN cat=[android.intent.category.LAUNCHER] flg=0x10000000 cmp=com.example.dogglers/androidx.test.core.app.InstrumentationActivityInvoker$EmptyActivity }, activity=androidx.test.core.app.InstrumentationActivityInvoker$EmptyActivity@2bf3499
12-02 08:40:05.383  1254  3979 I InputDispatcher: setInputWindows displayId=0 Window{3ce5b35 u0 ScreenDecorOverlayBottom} Window{67f39a4 u0 ScreenDecorOverlay} Window{2b19df5 u0 NavigationBar0} Window{1c2cd06 u0 StatusBar} com.example.dogglers/androidx.test.core.app.InstrumentationActivityInvoker$EmptyActivity#0 recents_animation_input_consumer Window{f27e886 u0 com.android.systemui.ImageWallpaper}
12-02 08:40:05.384  1254  3979 I InputDispatcher: Window went away: Window{b1a92fa u0 com.example.dogglers/androidx.test.core.app.InstrumentationActivityInvoker$EmptyActivity}
12-02 08:40:05.384  5095  5135 D Game_Utils: isTheMainScreen, displayId: 0  classname = androidx.test.core.app.InstrumentationActivityInvoker$EmptyActivity
12-02 08:40:05.384  5095  5135 D SmartPanelService: handlerVideoStart isResume = false  VIDEO_PACKAGE =   pkgName = com.example.dogglers
12-02 08:40:05.384  5095  5095 I SmartPanel_SlideState: clear, releasePress
12-02 08:40:05.387  7981  7981 I WhiteNavigationLice: Modify naviBarColor to white.
12-02 08:40:05.389   456   456 E SELinux : avc:  denied  { find } for pid=3823 uid=1000 name=tethering scontext=u:r:silead_manager_app:s0 tcontext=u:object_r:tethering_service:s0 tclass=service_manager permissive=0
12-02 08:40:05.390  7981  7981 D LifecycleMonitor: Lifecycle status change: androidx.test.core.app.InstrumentationActivityInvoker$EmptyActivity@2bf3499 in: CREATED
12-02 08:40:05.391  7981  7981 V ActivityScenario: Activity lifecycle changed event received but ignored because the intent does not match. startActivityIntent=Intent { act=android.intent.action.MAIN cat=[android.intent.category.LAUNCHER] cmp=com.example.dogglers/.VerticalListActivity }, activity.getIntent()=Intent { act=android.intent.action.MAIN cat=[android.intent.category.LAUNCHER] flg=0x10000000 cmp=com.example.dogglers/androidx.test.core.app.InstrumentationActivityInvoker$EmptyActivity }, activity=androidx.test.core.app.InstrumentationActivityInvoker$EmptyActivity@2bf3499
12-02 08:40:05.393  7981  7981 D LifecycleMonitor: Lifecycle status change: androidx.test.core.app.InstrumentationActivityInvoker$EmptyActivity@2bf3499 in: STARTED
12-02 08:40:05.393  7981  7981 V ActivityScenario: Activity lifecycle changed event received but ignored because the intent does not match. startActivityIntent=Intent { act=android.intent.action.MAIN cat=[android.intent.category.LAUNCHER] cmp=com.example.dogglers/.VerticalListActivity }, activity.getIntent()=Intent { act=android.intent.action.MAIN cat=[android.intent.category.LAUNCHER] flg=0x10000000 cmp=com.example.dogglers/androidx.test.core.app.InstrumentationActivityInvoker$EmptyActivity }, activity=androidx.test.core.app.InstrumentationActivityInvoker$EmptyActivity@2bf3499
12-02 08:40:05.395  7981  7981 D LifecycleMonitor: Lifecycle status change: androidx.test.core.app.InstrumentationActivityInvoker$EmptyActivity@2bf3499 in: RESUMED
12-02 08:40:05.395  7981  7981 V ActivityScenario: Activity lifecycle changed event received but ignored because the intent does not match. startActivityIntent=Intent { act=android.intent.action.MAIN cat=[android.intent.category.LAUNCHER] cmp=com.example.dogglers/.VerticalListActivity }, activity.getIntent()=Intent { act=android.intent.action.MAIN cat=[android.intent.category.LAUNCHER] flg=0x10000000 cmp=com.example.dogglers/androidx.test.core.app.InstrumentationActivityInvoker$EmptyActivity }, activity=androidx.test.core.app.InstrumentationActivityInvoker$EmptyActivity@2bf3499
12-02 08:40:05.396  7981  7981 V PhoneWindow: DecorView setVisiblity: visibility = 4, Parent = null, this = DecorView@4beb33f[]
12-02 08:40:05.396   731   791 I SurfaceFlinger: [SF client] NEW(0xb4000074407da5d0) for (7981:com.example.dogglers)
12-02 08:40:05.398  7981  7981 D ViewRootImpl[InstrumentationActivityInvoker$EmptyActivity]: hardware acceleration = true , fakeHwAccelerated = false, sRendererDisabled = false, forceHwAccelerated = false, sSystemRendererDisabled = false
12-02 08:40:05.399  1254  4189 I InputDispatcher: setInputWindows displayId=0 Window{3ce5b35 u0 ScreenDecorOverlayBottom} Window{67f39a4 u0 ScreenDecorOverlay} Window{2b19df5 u0 NavigationBar0} Window{1c2cd06 u0 StatusBar} com.example.dogglers/androidx.test.core.app.InstrumentationActivityInvoker$EmptyActivity#0 recents_animation_input_consumer Window{f27e886 u0 com.android.systemui.ImageWallpaper}
12-02 08:40:05.400  1254  4981 I FZ2.LISTEN: ignore this pop window change of not system window
12-02 08:40:05.403  7981  7981 I InputTransport: Create ARC handle: 0xb4000071541b9160
12-02 08:40:05.403  7981  7981 V PhoneWindow: DecorView setVisiblity: visibility = 0, Parent = android.view.ViewRootImpl@33e276a, this = DecorView@4beb33f[InstrumentationActivityInvoker$EmptyActivity]
12-02 08:40:05.416  1254  3979 I InputDispatcher: setInputWindows displayId=0 Window{3ce5b35 u0 ScreenDecorOverlayBottom} Window{67f39a4 u0 ScreenDecorOverlay} Window{2b19df5 u0 NavigationBar0} Window{1c2cd06 u0 StatusBar} com.example.dogglers/androidx.test.core.app.InstrumentationActivityInvoker$EmptyActivity#0 recents_animation_input_consumer Window{f27e886 u0 com.android.systemui.ImageWallpaper}
12-02 08:40:05.418 16888  6211 W AudioALSACaptureDataProviderNormal: readThread, latency_in_s,0.000000,0.039863,0.000037, totalTime 0.039900 > logTimeout 0.022000 TIMEOUT!!
12-02 08:40:05.421   731   791 I BufferQueueConsumer: [](id:2db00018afe,api:0,p:-1,c:731) connect(): controlledByApp=false
12-02 08:40:05.421   731   791 I BufferQueue: [unnamed-731-101118](this:0xb4000074f0c909d8,id:101118,api:0,p:-1,c:-1) BufferQueue core=(731:/system/bin/surfaceflinger)
12-02 08:40:05.423 19834 20914 D CommandQueue: abortTransient
12-02 08:40:05.429   731   791 I BufferQueueProducer: [com.example.dogglers/androidx.test.core.app.InstrumentationActivityInvoker$EmptyActivity#1](id:2db00018afe,api:1,p:7981,c:731) connect(): api=1 producerControlledByApp=false
12-02 08:40:05.432  1254  3979 I InputDispatcher: setInputWindows displayId=0 Window{3ce5b35 u0 ScreenDecorOverlayBottom} Window{67f39a4 u0 ScreenDecorOverlay} Window{2b19df5 u0 NavigationBar0} Window{1c2cd06 u0 StatusBar} com.example.dogglers/androidx.test.core.app.InstrumentationActivityInvoker$EmptyActivity#1 com.example.dogglers/androidx.test.core.app.InstrumentationActivityInvoker$EmptyActivity#0 recents_animation_input_consumer Window{f27e886 u0 com.android.systemui.ImageWallpaper}
12-02 08:40:05.435  1254  1403 I DreamAnimation:  hookAppTransitSuccess called, and doUnlockAnimation=0  mState=7
12-02 08:40:05.436  5095  5135 I SmartPanel_SmartPanelService: onWindowsDrawn pkgName: com.example.dogglers, className: androidx.test.core.app.InstrumentationActivityInvoker$EmptyActivity launchState=2 windowsDrawnDelayMs =108
12-02 08:40:05.436  1254  1411 I ActivityTaskManager: Displayed com.example.dogglers/androidx.test.core.app.InstrumentationActivityInvoker$EmptyActivity: +108ms
12-02 08:40:05.439 16595 16595 V PhoneWindow: DecorView setVisiblity: visibility = 8, Parent = android.view.ViewRootImpl@1c86a2a, this = DecorView@1545b1a[InputMethod]
12-02 08:40:05.441  5095  5135 D Game_Utils: mode = 1
12-02 08:40:05.443  5095  5135 D Game_Utils: isTheMainScreen, displayId: 0  classname = androidx.test.core.app.InstrumentationActivityInvoker$EmptyActivity
12-02 08:40:05.443  5095  5135 D Game_Utils: getTopPackageNameNew pkm = com.example.dogglers
12-02 08:40:05.444   700   769 I libPowerHal: [perfLockAcq] idx:81 hdl:3138550 hint:22 pid:700 duration:10000 => ret_hdl:3138550
12-02 08:40:05.444   700   769 I libPowerHal: [PE] scn:81 hdl:3138550 hint:22 comm:mtkpower@1.0-se pid:700
12-02 08:40:05.444   700   769 I libPowerHal: [perfLockRel] hdl:3138544, idx:118
12-02 08:40:05.445   700   769 I libPowerHal: [PD] scn:118 hdl:3138544 hint:22 comm:mtkpower@1.0-se pid:700
12-02 08:40:05.446  5095  5135 D Game_Utils: isQSplitscreenMode mode = 1
12-02 08:40:05.449  1254  3940 I InputDispatcher: setInputWindows displayId=0 Window{3ce5b35 u0 ScreenDecorOverlayBottom} Window{67f39a4 u0 ScreenDecorOverlay} Window{2b19df5 u0 NavigationBar0} Window{1c2cd06 u0 StatusBar} Window{e99134e u0 com.example.dogglers/androidx.test.core.app.InstrumentationActivityInvoker$EmptyActivity} com.example.dogglers/androidx.test.core.app.InstrumentationActivityInvoker$EmptyActivity#0 recents_animation_input_consumer Window{f27e886 u0 com.android.systemui.ImageWallpaper}
12-02 08:40:05.449  1254  3940 I InputDispatcher: Window went away: com.example.dogglers/androidx.test.core.app.InstrumentationActivityInvoker$EmptyActivity#1
12-02 08:40:05.450   731   789 I BufferQueueProducer: [com.example.dogglers/androidx.test.core.app.InstrumentationActivityInvoker$EmptyActivity#0](id:2db00018afd,api:1,p:7981,c:731) disconnect(): api=1
12-02 08:40:05.458 16595 16595 V PhoneWindow: DecorView setVisiblity: visibility = 8, Parent = android.view.ViewRootImpl@1c86a2a, this = DecorView@1545b1a[InputMethod]
12-02 08:40:05.458 16888  6211 W AudioALSACaptureDataProviderNormal: readThread, latency_in_s,0.000001,0.039722,0.000038, totalTime 0.039761 > logTimeout 0.022000 TIMEOUT!!
12-02 08:40:05.459  7981  7981 D LifecycleMonitor: Lifecycle status change: androidx.test.core.app.InstrumentationActivityInvoker$EmptyActivity@68dc2ae in: STOPPED
12-02 08:40:05.460  7981  7981 V ActivityScenario: Activity lifecycle changed event received but ignored because the intent does not match. startActivityIntent=Intent { act=android.intent.action.MAIN cat=[android.intent.category.LAUNCHER] cmp=com.example.dogglers/.VerticalListActivity }, activity.getIntent()=Intent { act=android.intent.action.MAIN cat=[android.intent.category.LAUNCHER] flg=0x10000000 cmp=com.example.dogglers/androidx.test.core.app.InstrumentationActivityInvoker$EmptyActivity }, activity=androidx.test.core.app.InstrumentationActivityInvoker$EmptyActivity@68dc2ae
12-02 08:40:05.461  7981  7981 V PhoneWindow: DecorView setVisiblity: visibility = 4, Parent = android.view.ViewRootImpl@5a0ea6b, this = DecorView@9399bdc[InstrumentationActivityInvoker$EmptyActivity]
12-02 08:40:05.462  7981  7981 D LifecycleMonitor: Lifecycle status change: androidx.test.core.app.InstrumentationActivityInvoker$EmptyActivity@68dc2ae in: DESTROYED
12-02 08:40:05.462  7981  7981 V ActivityScenario: Activity lifecycle changed event received but ignored because the intent does not match. startActivityIntent=Intent { act=android.intent.action.MAIN cat=[android.intent.category.LAUNCHER] cmp=com.example.dogglers/.VerticalListActivity }, activity.getIntent()=Intent { act=android.intent.action.MAIN cat=[android.intent.category.LAUNCHER] flg=0x10000000 cmp=com.example.dogglers/androidx.test.core.app.InstrumentationActivityInvoker$EmptyActivity }, activity=androidx.test.core.app.InstrumentationActivityInvoker$EmptyActivity@68dc2ae
12-02 08:40:05.462  7981  7981 D View    : [Warning] assignParent to null: this = DecorView@9399bdc[InstrumentationActivityInvoker$EmptyActivity]
12-02 08:40:05.464  1254  9043 I FZ2.LISTEN: ignore this pop window change of not system window
12-02 08:40:05.466  1254  3940 I InputDispatcher: setInputWindows displayId=0 Window{3ce5b35 u0 ScreenDecorOverlayBottom} Window{67f39a4 u0 ScreenDecorOverlay} Window{2b19df5 u0 NavigationBar0} Window{1c2cd06 u0 StatusBar} com.example.dogglers/androidx.test.core.app.InstrumentationActivityInvoker$EmptyActivity#1 recents_animation_input_consumer Window{f27e886 u0 com.android.systemui.ImageWallpaper}
12-02 08:40:05.466  1254  3940 I InputDispatcher: Window went away: Window{e99134e u0 com.example.dogglers/androidx.test.core.app.InstrumentationActivityInvoker$EmptyActivity}
12-02 08:40:05.466  1254  3940 I InputDispatcher: Window went away: com.example.dogglers/androidx.test.core.app.InstrumentationActivityInvoker$EmptyActivity#0
12-02 08:40:05.466  7981  7981 I InputTransport: Destroy ARC handle: 0xb4000071541ae3c0
12-02 08:40:05.466  7981  7981 D View    : [Warning] assignParent to null: this = DecorView@9399bdc[InstrumentationActivityInvoker$EmptyActivity]
12-02 08:40:05.468 16595 16595 V PhoneWindow: DecorView setVisiblity: visibility = 8, Parent = android.view.ViewRootImpl@1c86a2a, this = DecorView@1545b1a[InputMethod]
12-02 08:40:05.469  7981  7981 D LifecycleMonitor: Lifecycle status change: androidx.test.core.app.InstrumentationActivityInvoker$EmptyActivity@2bf3499 in: PAUSED
12-02 08:40:05.469  7981  7981 V ActivityScenario: Activity lifecycle changed event received but ignored because the intent does not match. startActivityIntent=Intent { act=android.intent.action.MAIN cat=[android.intent.category.LAUNCHER] cmp=com.example.dogglers/.VerticalListActivity }, activity.getIntent()=Intent { act=android.intent.action.MAIN cat=[android.intent.category.LAUNCHER] flg=0x10000000 cmp=com.example.dogglers/androidx.test.core.app.InstrumentationActivityInvoker$EmptyActivity }, activity=androidx.test.core.app.InstrumentationActivityInvoker$EmptyActivity@2bf3499
12-02 08:40:05.472   700   769 I libPowerHal: [perfNotifyAppState] foreground:com.transsion.XOSLauncher, pid:14795, uid:10172
12-02 08:40:05.472  2463 14192 E MessageDispatcher: [dispatchMessage] tag = uxdetector
12-02 08:40:05.473   700   769 E UxUtility: notifyAppState error = NULL
12-02 08:40:05.473   700   769 I TouchUtility: notifyAppState error = NULL
12-02 08:40:05.473   700   734 I mtkpower@impl: [notifyAppState] pc:0, com.example.dogglers => com.transsion.XOSLauncher
12-02 08:40:05.473  2463  3727 D UxDetectorHandler: getWifiStatus wifiId=<unknown ssid>
12-02 08:40:05.474  2463  3727 D UxDetectorHandler: getHeadsetStatus init headset=-2
12-02 08:40:05.474  5095  5135 I SmartPanel_SmartPanelService: activityCheck pkgName: com.transsion.XOSLauncher, className: com.android.quickstep.recents_ui_overrides.src.com.android.launcher3.uioverrides.QuickstepLauncher isResume=true isInshow =true isDrawn = false
12-02 08:40:05.474   977  1056 D AAL     : 12-02 08:40:05.308 BL= 143,ESS= 256, 12-02 08:40:05.358 BL= 144,ESS= 256, 12-02 08:40:05.374 BL= 143,ESS= 256, 12-02 08:40:05.424 BL= 142,ESS= 256, 12-02 08:40:05.474 BL= 141,ESS= 256,
12-02 08:40:05.478  7981  8008 I TestRunner: finished: recycler_view_item_count(com.example.dogglers.VerticalListTests)
