12-02 08:40:07.294  1254  3940 I InputDispatcher: setInputWindows displayId=0 Window{3ce5b35 u0 ScreenDecorOverlayBottom} Window{67f39a4 u0 ScreenDecorOverlay} Window{2b19df5 u0 NavigationBar0} Window{1c2cd06 u0 StatusBar} Window{dc686f1 u0 com.example.dogglers/androidx.test.core.app.InstrumentationActivityInvoker$EmptyActivity} com.example.dogglers/com.example.dogglers.VerticalListActivity#0 recents_animation_input_consumer Window{f27e886 u0 com.android.systemui.ImageWallpaper}
12-02 08:40:07.294  1254  3940 I InputDispatcher: Window went away: com.example.dogglers/androidx.test.core.app.InstrumentationActivityInvoker$EmptyActivity#0
12-02 08:40:07.295   700   769 I libPowerHal: [perfLockRel] hdl:3138584, idx:81
12-02 08:40:07.295   700   769 I libPowerHal: [PD] scn:81 hdl:3138584 hint:11 comm:mtkpower@1.0-se pid:700
12-02 08:40:07.298 16888  6211 W AudioALSACaptureDataProviderNormal: readThread, latency_in_s,0.000001,0.039702,0.000021, totalTime 0.039724 > logTimeout 0.022000 TIMEOUT!!
12-02 08:40:07.311  1254  4198 I InputDispatcher: setInputWindows displayId=0 Window{3ce5b35 u0 ScreenDecorOverlayBottom} Window{67f39a4 u0 ScreenDecorOverlay} Window{2b19df5 u0 NavigationBar0} Window{1c2cd06 u0 StatusBar} Window{dc686f1 u0 com.example.dogglers/androidx.test.core.app.InstrumentationActivityInvoker$EmptyActivity} com.example.dogglers/com.example.dogglers.VerticalListActivity#0 recents_animation_input_consumer Window{f27e886 u0 com.android.systemui.ImageWallpaper}
12-02 08:40:07.319   731  2345 I BufferQueueProducer: [com.example.dogglers/com.example.dogglers.VerticalListActivity#0](id:2db00018b06,api:1,p:7981,c:731) disconnect(): api=1
12-02 08:40:07.325 16595 16595 V PhoneWindow: DecorView setVisiblity: visibility = 8, Parent = android.view.ViewRootImpl@1c86a2a, this = DecorView@1545b1a[InputMethod]
12-02 08:40:07.326  7981  7981 D LifecycleMonitor: Lifecycle status change: com.example.dogglers.VerticalListActivity@ee3bdd9 in: STOPPED
12-02 08:40:07.326  7981  7981 V ActivityScenario: Update currentActivityStage to STOPPED, currentActivity=com.example.dogglers.VerticalListActivity@ee3bdd9
12-02 08:40:07.327  7981  7981 V PhoneWindow: DecorView setVisiblity: visibility = 4, Parent = android.view.ViewRootImpl@33f21bd, this = DecorView@60e7b26[VerticalListActivity]
12-02 08:40:07.328  7981  7981 D LifecycleMonitor: Lifecycle status change: com.example.dogglers.VerticalListActivity@ee3bdd9 in: DESTROYED
12-02 08:40:07.328  7981  7981 V ActivityScenario: Update currentActivityStage to DESTROYED, currentActivity=null
12-02 08:40:07.329  7981  7981 D OverScroller: overscroll fling perfLockRelease
12-02 08:40:07.330  1254  4198 I mtkpower_client: perf_lock_rel, hdl:3138583, tid:4198
12-02 08:40:07.330   700   769 I libPowerHal: [perfLockRel] hdl:3138583, idx:-1
12-02 08:40:07.331  7981  7981 D View    : [Warning] assignParent to null: this = DecorView@60e7b26[VerticalListActivity]
12-02 08:40:07.333  1254  9010 I FZ2.LISTEN: ignore this pop window change of not system window
12-02 08:40:07.336  7981  7981 I InputTransport: Destroy ARC handle: 0xb40000715417d4c0
12-02 08:40:07.336  7981  7981 D View    : [Warning] assignParent to null: this = DecorView@60e7b26[VerticalListActivity]
12-02 08:40:07.336 16595 16595 V PhoneWindow: DecorView setVisiblity: visibility = 8, Parent = android.view.ViewRootImpl@1c86a2a, this = DecorView@1545b1a[InputMethod]
12-02 08:40:07.338 16888  6211 W AudioALSACaptureDataProviderNormal: readThread, latency_in_s,0.000000,0.039827,0.000049, totalTime 0.039876 > logTimeout 0.022000 TIMEOUT!!
12-02 08:40:07.340  7981  7981 D LifecycleMonitor: Lifecycle status change: androidx.test.core.app.InstrumentationActivityInvoker$EmptyActivity@a56f382 in: PAUSED
12-02 08:40:07.340  7981  7981 V ActivityScenario: Activity lifecycle changed event received but ignored because the intent does not match. startActivityIntent=Intent { act=android.intent.action.MAIN cat=[android.intent.category.LAUNCHER] cmp=com.example.dogglers/.VerticalListActivity }, activity.getIntent()=Intent { act=android.intent.action.MAIN cat=[android.intent.category.LAUNCHER] flg=0x10000000 cmp=com.example.dogglers/androidx.test.core.app.InstrumentationActivityInvoker$EmptyActivity }, activity=androidx.test.core.app.InstrumentationActivityInvoker$EmptyActivity@a56f382
12-02 08:40:07.344   731   731 I BufferQueueConsumer: [com.example.dogglers/com.example.dogglers.VerticalListActivity#0](id:2db00018b06,api:0,p:-1,c:731) disconnect()
12-02 08:40:07.345   731   731 I BufferQueue: [com.example.dogglers/com.example.dogglers.VerticalListActivity#0](this:0xb4000074f0c06138,id:101126,api:1,p:-1,c:-1) onDestructor()
12-02 08:40:07.346  1254  4182 I InputDispatcher: setInputWindows displayId=0 Window{3ce5b35 u0 ScreenDecorOverlayBottom} Window{67f39a4 u0 ScreenDecorOverlay} Window{2b19df5 u0 NavigationBar0} Window{1c2cd06 u0 StatusBar} Window{dc686f1 u0 com.example.dogglers/androidx.test.core.app.InstrumentationActivityInvoker$EmptyActivity} recents_animation_input_consumer Window{f27e886 u0 com.android.systemui.ImageWallpaper}
12-02 08:40:07.346  1254  4182 I InputDispatcher: Window went away: com.example.dogglers/com.example.dogglers.VerticalListActivity#0
12-02 08:40:07.346  2044 20462 D MultiWindowService: pkgName = com.example.dogglers
12-02 08:40:07.355  7981  7981 D LifecycleMonitor: Lifecycle status change: androidx.test.core.app.InstrumentationActivityInvoker$BootstrapActivity@5056587 in: DESTROYED
12-02 08:40:07.355 16595 16595 I GoogleInputMethodService: GoogleInputMethodService.onFinishInput():3301
12-02 08:40:07.355  7981  7981 V ActivityScenario: Activity lifecycle changed event received but ignored because the intent does not match. startActivityIntent=Intent { act=android.intent.action.MAIN cat=[android.intent.category.LAUNCHER] cmp=com.example.dogglers/.VerticalListActivity }, activity.getIntent()=Intent { act=android.intent.action.MAIN cat=[android.intent.category.LAUNCHER] flg=0x10008000 cmp=com.example.dogglers/androidx.test.core.app.InstrumentationActivityInvoker$BootstrapActivity (has extras) }, activity=androidx.test.core.app.InstrumentationActivityInvoker$BootstrapActivity@5056587
12-02 08:40:07.355 16595 16595 I GoogleInputMethodService: GoogleInputMethodService.onStartInput():1979
12-02 08:40:07.356 16595 16595 I DeviceUnlockedTag: DeviceUnlockedTag.notifyDeviceLockStatusChanged():79 Notify device unlocked.
12-02 08:40:07.356  7981  8053 D libMEOW : applied 1 plugins for [com.example.dogglers]:
12-02 08:40:07.356  7981  8053 D libMEOW :   plugin 1: [libMEOW_gift.so]:
12-02 08:40:07.361  1254  4198 I InputDispatcher: setInputWindows displayId=0 Window{3ce5b35 u0 ScreenDecorOverlayBottom} Window{67f39a4 u0 ScreenDecorOverlay} Window{2b19df5 u0 NavigationBar0} Window{1c2cd06 u0 StatusBar} com.example.dogglers/androidx.test.core.app.InstrumentationActivityInvoker$EmptyActivity#0 recents_animation_input_consumer Window{f27e886 u0 com.android.systemui.ImageWallpaper}
12-02 08:40:07.361  1254  4198 I InputDispatcher: Window went away: Window{dc686f1 u0 com.example.dogglers/androidx.test.core.app.InstrumentationActivityInvoker$EmptyActivity}
12-02 08:40:07.362  7981  7981 D LifecycleMonitor: Lifecycle status change: androidx.test.core.app.InstrumentationActivityInvoker$EmptyActivity@a8d0a01 in: PRE_ON_CREATE
12-02 08:40:07.362  7981  7981 V ActivityScenario: Activity lifecycle changed event received but ignored because the intent does not match. startActivityIntent=Intent { act=android.intent.action.MAIN cat=[android.intent.category.LAUNCHER] cmp=com.example.dogglers/.VerticalListActivity }, activity.getIntent()=Intent { act=android.intent.action.MAIN cat=[android.intent.category.LAUNCHER] flg=0x10000000 cmp=com.example.dogglers/androidx.test.core.app.InstrumentationActivityInvoker$EmptyActivity }, activity=androidx.test.core.app.InstrumentationActivityInvoker$EmptyActivity@a8d0a01
12-02 08:40:07.365  7981  7981 I WhiteNavigationLice: Modify naviBarColor to white.
12-02 08:40:07.368  7981  7981 D LifecycleMonitor: Lifecycle status change: androidx.test.core.app.InstrumentationActivityInvoker$EmptyActivity@a8d0a01 in: CREATED
12-02 08:40:07.368  7981  7981 V ActivityScenario: Activity lifecycle changed event received but ignored because the intent does not match. startActivityIntent=Intent { act=android.intent.action.MAIN cat=[android.intent.category.LAUNCHER] cmp=com.example.dogglers/.VerticalListActivity }, activity.getIntent()=Intent { act=android.intent.action.MAIN cat=[android.intent.category.LAUNCHER] flg=0x10000000 cmp=com.example.dogglers/androidx.test.core.app.InstrumentationActivityInvoker$EmptyActivity }, activity=androidx.test.core.app.InstrumentationActivityInvoker$EmptyActivity@a8d0a01
12-02 08:40:07.370  7981  7981 D LifecycleMonitor: Lifecycle status change: androidx.test.core.app.InstrumentationActivityInvoker$EmptyActivity@a8d0a01 in: STARTED
12-02 08:40:07.370  7981  7981 V ActivityScenario: Activity lifecycle changed event received but ignored because the intent does not match. startActivityIntent=Intent { act=android.intent.action.MAIN cat=[android.intent.category.LAUNCHER] cmp=com.example.dogglers/.VerticalListActivity }, activity.getIntent()=Intent { act=android.intent.action.MAIN cat=[android.intent.category.LAUNCHER] flg=0x10000000 cmp=com.example.dogglers/androidx.test.core.app.InstrumentationActivityInvoker$EmptyActivity }, activity=androidx.test.core.app.InstrumentationActivityInvoker$EmptyActivity@a8d0a01
12-02 08:40:07.371  7981  7981 D LifecycleMonitor: Lifecycle status change: androidx.test.core.app.InstrumentationActivityInvoker$EmptyActivity@a8d0a01 in: RESUMED
12-02 08:40:07.372  7981  7981 V ActivityScenario: Activity lifecycle changed event received but ignored because the intent does not match. startActivityIntent=Intent { act=android.intent.action.MAIN cat=[android.intent.category.LAUNCHER] cmp=com.example.dogglers/.VerticalListActivity }, activity.getIntent()=Intent { act=android.intent.action.MAIN cat=[android.intent.category.LAUNCHER] flg=0x10000000 cmp=com.example.dogglers/androidx.test.core.app.InstrumentationActivityInvoker$EmptyActivity }, activity=androidx.test.core.app.InstrumentationActivityInvoker$EmptyActivity@a8d0a01
12-02 08:40:07.372  7981  7981 V PhoneWindow: DecorView setVisiblity: visibility = 4, Parent = null, this = DecorView@65bcae7[]
12-02 08:40:07.373   731  2345 I SurfaceFlinger: [SF client] NEW(0xb4000074407cc6b0) for (7981:com.example.dogglers)
12-02 08:40:07.374  7981  7981 D ViewRootImpl[InstrumentationActivityInvoker$EmptyActivity]: hardware acceleration = true , fakeHwAccelerated = false, sRendererDisabled = false, forceHwAccelerated = false, sSystemRendererDisabled = false
12-02 08:40:07.376  1254  8302 I FZ2.LISTEN: ignore this pop window change of not system window
12-02 08:40:07.377  1254  4198 I InputDispatcher: setInputWindows displayId=0 Window{3ce5b35 u0 ScreenDecorOverlayBottom} Window{67f39a4 u0 ScreenDecorOverlay} Window{2b19df5 u0 NavigationBar0} Window{1c2cd06 u0 StatusBar} com.example.dogglers/androidx.test.core.app.InstrumentationActivityInvoker$EmptyActivity#0 recents_animation_input_consumer Window{f27e886 u0 com.android.systemui.ImageWallpaper}
12-02 08:40:07.378  7981  7981 I InputTransport: Create ARC handle: 0xb4000071541790e0
12-02 08:40:07.378  7981  7981 V PhoneWindow: DecorView setVisiblity: visibility = 0, Parent = android.view.ViewRootImpl@1b74132, this = DecorView@65bcae7[InstrumentationActivityInvoker$EmptyActivity]
12-02 08:40:07.379 16888  6211 W AudioALSACaptureDataProviderNormal: readThread, latency_in_s,0.000001,0.039685,0.000065, totalTime 0.039751 > logTimeout 0.022000 TIMEOUT!!
12-02 08:40:07.380 16595 16595 V PhoneWindow: DecorView setVisiblity: visibility = 8, Parent = android.view.ViewRootImpl@1c86a2a, this = DecorView@1545b1a[InputMethod]
12-02 08:40:07.386   731  2345 I BufferQueueConsumer: [](id:2db00018b08,api:0,p:-1,c:731) connect(): controlledByApp=false
12-02 08:40:07.386   731  2345 I BufferQueue: [unnamed-731-101128](this:0xb4000074f0d313d8,id:101128,api:0,p:-1,c:-1) BufferQueue core=(731:/system/bin/surfaceflinger)
12-02 08:40:07.388 19834 19851 D CommandQueue: abortTransient
12-02 08:40:07.392   731  2345 I BufferQueueProducer: [com.example.dogglers/androidx.test.core.app.InstrumentationActivityInvoker$EmptyActivity#1](id:2db00018b08,api:1,p:7981,c:731) connect(): api=1 producerControlledByApp=false
12-02 08:40:07.394  1254  4198 I InputDispatcher: setInputWindows displayId=0 Window{3ce5b35 u0 ScreenDecorOverlayBottom} Window{67f39a4 u0 ScreenDecorOverlay} Window{2b19df5 u0 NavigationBar0} Window{1c2cd06 u0 StatusBar} com.example.dogglers/androidx.test.core.app.InstrumentationActivityInvoker$EmptyActivity#1 com.example.dogglers/androidx.test.core.app.InstrumentationActivityInvoker$EmptyActivity#0 recents_animation_input_consumer Window{f27e886 u0 com.android.systemui.ImageWallpaper}
12-02 08:40:07.395   456   456 E SELinux : avc:  denied  { find } for pid=3823 uid=1000 name=tethering scontext=u:r:silead_manager_app:s0 tcontext=u:object_r:tethering_service:s0 tclass=service_manager permissive=0
12-02 08:40:07.401  1254  1403 I DreamAnimation:  hookAppTransitSuccess called, and doUnlockAnimation=0  mState=7
12-02 08:40:07.401  5095  5135 I SmartPanel_SmartPanelService: onWindowsDrawn pkgName: com.example.dogglers, className: androidx.test.core.app.InstrumentationActivityInvoker$EmptyActivity launchState=2 windowsDrawnDelayMs =109
12-02 08:40:07.402  1254  1411 I ActivityTaskManager: Displayed com.example.dogglers/androidx.test.core.app.InstrumentationActivityInvoker$EmptyActivity: +109ms
12-02 08:40:07.406 16595 16595 V PhoneWindow: DecorView setVisiblity: visibility = 8, Parent = android.view.ViewRootImpl@1c86a2a, this = DecorView@1545b1a[InputMethod]
12-02 08:40:07.406  5095  5135 D Game_Utils: mode = 1
12-02 08:40:07.407  5095  5135 D Game_Utils: isTheMainScreen, displayId: 0  classname = androidx.test.core.app.InstrumentationActivityInvoker$EmptyActivity
12-02 08:40:07.407  5095  5135 D Game_Utils: getTopPackageNameNew pkm = com.example.dogglers
12-02 08:40:07.409  5095  5135 D Game_Utils: isQSplitscreenMode mode = 1
12-02 08:40:07.411   700   769 I libPowerHal: [perfLockAcq] idx:81 hdl:3138587 hint:22 pid:700 duration:10000 => ret_hdl:3138587
12-02 08:40:07.411  1254  3940 I InputDispatcher: setInputWindows displayId=0 Window{3ce5b35 u0 ScreenDecorOverlayBottom} Window{67f39a4 u0 ScreenDecorOverlay} Window{2b19df5 u0 NavigationBar0} Window{1c2cd06 u0 StatusBar} Window{e93380c u0 com.example.dogglers/androidx.test.core.app.InstrumentationActivityInvoker$EmptyActivity} com.example.dogglers/androidx.test.core.app.InstrumentationActivityInvoker$EmptyActivity#0 recents_animation_input_consumer Window{f27e886 u0 com.android.systemui.ImageWallpaper}
12-02 08:40:07.411   700   769 I libPowerHal: [PE] scn:81 hdl:3138587 hint:22 comm:mtkpower@1.0-se pid:700
12-02 08:40:07.411  1254  3940 I InputDispatcher: Window went away: com.example.dogglers/androidx.test.core.app.InstrumentationActivityInvoker$EmptyActivity#1
12-02 08:40:07.411   700   769 I libPowerHal: [perfLockRel] hdl:3138577, idx:128
12-02 08:40:07.411   700   769 I libPowerHal: [PD] scn:128 hdl:3138577 hint:22 comm:mtkpower@1.0-se pid:700
12-02 08:40:07.412   700   769 I mtkpower@impl: [powerd_req] TIMER_MSG_PERF_LOCK_TIMEOUT hdl:3138580
12-02 08:40:07.412   700   769 I libPowerHal: [perfLockRel] hdl:3138580, idx:118
12-02 08:40:07.412   700   769 I libPowerHal: [PD] scn:118 hdl:3138580 hint:0 comm:mtkpower@1.0-se pid:700
12-02 08:40:07.417   731  1178 I BufferQueueProducer: [com.example.dogglers/androidx.test.core.app.InstrumentationActivityInvoker$EmptyActivity#0](id:2db00018b07,api:1,p:7981,c:731) disconnect(): api=1
12-02 08:40:07.419 16888  6211 W AudioALSACaptureDataProviderNormal: readThread, latency_in_s,0.000001,0.039734,0.000072, totalTime 0.039807 > logTimeout 0.022000 TIMEOUT!!
12-02 08:40:07.424 16595 16595 V PhoneWindow: DecorView setVisiblity: visibility = 8, Parent = android.view.ViewRootImpl@1c86a2a, this = DecorView@1545b1a[InputMethod]
12-02 08:40:07.425  7981  7981 D LifecycleMonitor: Lifecycle status change: androidx.test.core.app.InstrumentationActivityInvoker$EmptyActivity@a56f382 in: STOPPED
12-02 08:40:07.426  7981  7981 V ActivityScenario: Activity lifecycle changed event received but ignored because the intent does not match. startActivityIntent=Intent { act=android.intent.action.MAIN cat=[android.intent.category.LAUNCHER] cmp=com.example.dogglers/.VerticalListActivity }, activity.getIntent()=Intent { act=android.intent.action.MAIN cat=[android.intent.category.LAUNCHER] flg=0x10000000 cmp=com.example.dogglers/androidx.test.core.app.InstrumentationActivityInvoker$EmptyActivity }, activity=androidx.test.core.app.InstrumentationActivityInvoker$EmptyActivity@a56f382
12-02 08:40:07.426  7981  7981 V PhoneWindow: DecorView setVisiblity: visibility = 4, Parent = android.view.ViewRootImpl@3a12cef, this = DecorView@c462ad0[InstrumentationActivityInvoker$EmptyActivity]
12-02 08:40:07.427  1254  3940 I InputDispatcher: setInputWindows displayId=0 Window{3ce5b35 u0 ScreenDecorOverlayBottom} Window{67f39a4 u0 ScreenDecorOverlay} Window{2b19df5 u0 NavigationBar0} Window{1c2cd06 u0 StatusBar} com.example.dogglers/androidx.test.core.app.InstrumentationActivityInvoker$EmptyActivity#1 com.example.dogglers/androidx.test.core.app.InstrumentationActivityInvoker$EmptyActivity#0 recents_animation_input_consumer Window{f27e886 u0 com.android.systemui.ImageWallpaper}
12-02 08:40:07.428  7981  7981 D LifecycleMonitor: Lifecycle status change: androidx.test.core.app.InstrumentationActivityInvoker$EmptyActivity@a56f382 in: DESTROYED
12-02 08:40:07.428  1254  3940 I InputDispatcher: Window went away: Window{e93380c u0 com.example.dogglers/androidx.test.core.app.InstrumentationActivityInvoker$EmptyActivity}
12-02 08:40:07.428  7981  7981 V ActivityScenario: Activity lifecycle changed event received but ignored because the intent does not match. startActivityIntent=Intent { act=android.intent.action.MAIN cat=[android.intent.category.LAUNCHER] cmp=com.example.dogglers/.VerticalListActivity }, activity.getIntent()=Intent { act=android.intent.action.MAIN cat=[android.intent.category.LAUNCHER] flg=0x10000000 cmp=com.example.dogglers/androidx.test.core.app.InstrumentationActivityInvoker$EmptyActivity }, activity=androidx.test.core.app.InstrumentationActivityInvoker$EmptyActivity@a56f382
12-02 08:40:07.429  7981  7981 D View    : [Warning] assignParent to null: this = DecorView@c462ad0[InstrumentationActivityInvoker$EmptyActivity]
12-02 08:40:07.430  1254  2739 I FZ2.LISTEN: ignore this pop window change of not system window
12-02 08:40:07.433  7981  7981 I InputTransport: Destroy ARC handle: 0xb400007154184a20
12-02 08:40:07.433 16595 16595 V PhoneWindow: DecorView setVisiblity: visibility = 8, Parent = android.view.ViewRootImpl@1c86a2a, this = DecorView@1545b1a[InputMethod]
12-02 08:40:07.433  7981  7981 D View    : [Warning] assignParent to null: this = DecorView@c462ad0[InstrumentationActivityInvoker$EmptyActivity]
12-02 08:40:07.435  7981  7981 D LifecycleMonitor: Lifecycle status change: androidx.test.core.app.InstrumentationActivityInvoker$EmptyActivity@a8d0a01 in: PAUSED
12-02 08:40:07.436  7981  7981 V ActivityScenario: Activity lifecycle changed event received but ignored because the intent does not match. startActivityIntent=Intent { act=android.intent.action.MAIN cat=[android.intent.category.LAUNCHER] cmp=com.example.dogglers/.VerticalListActivity }, activity.getIntent()=Intent { act=android.intent.action.MAIN cat=[android.intent.category.LAUNCHER] flg=0x10000000 cmp=com.example.dogglers/androidx.test.core.app.InstrumentationActivityInvoker$EmptyActivity }, activity=androidx.test.core.app.InstrumentationActivityInvoker$EmptyActivity@a8d0a01
12-02 08:40:07.438   700   769 I libPowerHal: [perfNotifyAppState] foreground:com.transsion.XOSLauncher, pid:14795, uid:10172
12-02 08:40:07.439   700   769 E UxUtility: notifyAppState error = NULL
12-02 08:40:07.439   700   769 I TouchUtility: notifyAppState error = NULL
12-02 08:40:07.439   700   734 I mtkpower@impl: [notifyAppState] pc:0, com.example.dogglers => com.transsion.XOSLauncher
12-02 08:40:07.439  2463 14192 E MessageDispatcher: [dispatchMessage] tag = uxdetector
12-02 08:40:07.440  2463  3727 D UxDetectorHandler: getWifiStatus wifiId=<unknown ssid>
12-02 08:40:07.441  2463  3727 D UxDetectorHandler: getHeadsetStatus init headset=-2
12-02 08:40:07.441  5095  5135 I SmartPanel_SmartPanelService: activityCheck pkgName: com.transsion.XOSLauncher, className: com.android.quickstep.recents_ui_overrides.src.com.android.launcher3.uioverrides.QuickstepLauncher isResume=true isInshow =true isDrawn = false
12-02 08:40:07.443   731   731 I BufferQueueConsumer: [com.example.dogglers/androidx.test.core.app.InstrumentationActivityInvoker$EmptyActivity#0](id:2db00018b07,api:0,p:-1,c:731) disconnect()
12-02 08:40:07.444   731   731 I BufferQueue: [com.example.dogglers/androidx.test.core.app.InstrumentationActivityInvoker$EmptyActivity#0](this:0xb4000074f0deefa8,id:101127,api:1,p:-1,c:-1) onDestructor()
12-02 08:40:07.445  1254  4198 I InputDispatcher: setInputWindows displayId=0 Window{3ce5b35 u0 ScreenDecorOverlayBottom} Window{67f39a4 u0 ScreenDecorOverlay} Window{2b19df5 u0 NavigationBar0} Window{1c2cd06 u0 StatusBar} com.example.dogglers/androidx.test.core.app.InstrumentationActivityInvoker$EmptyActivity#1 recents_animation_input_consumer Window{f27e886 u0 com.android.systemui.ImageWallpaper}
12-02 08:40:07.445  1254  4198 I InputDispatcher: Window went away: com.example.dogglers/androidx.test.core.app.InstrumentationActivityInvoker$EmptyActivity#0
12-02 08:40:07.446 14795 14795 I UnlockManager-: onWindowVisibilityChanged   keyguardflag:false
12-02 08:40:07.446 14795 14795 I UnlockManager-: resetViewsAndAlpha
12-02 08:40:07.448  7981  8008 I TestRunner: finished: vertical_scrolling(com.example.dogglers.VerticalListTests)
